Archive member included to satisfy reference by file (symbol)

c:/program files (x86)/gnu tools arm embedded/5.4 2016q3/bin/../lib/gcc/arm-none-eabi/5.4.1/../../../../arm-none-eabi/lib/armv7e-m\libg.a(lib_a-rand.o)
                              ..\obj\menu.o (srand)

Allocating common symbols
Common symbol       size              file

HID_MOUSE_Data      0x4               ..\obj\usbh_hid_mouse.o
HID_Report          0x48              ..\obj\usbh_hid_core.o
Pinky_Skin          0x58              ..\obj\blinky.o
LCD_CurrentLayer    0x4               ..\obj\blinky.o
Clyde_Systic_Timer_ms
                    0x4               ..\obj\blinky.o
Room_Skin           0x140             ..\obj\blinky.o
Inky_Systic_Timer_ms
                    0x4               ..\obj\blinky.o
LCD_DISPLAY_MODE    0x1               ..\obj\blinky.o
hid_new_maus_data   0x4               ..\obj\blinky.o
Gui_Touch_Timer_ms  0x4               ..\obj\blinky.o
USBH_CfgDesc        0x200             ..\obj\usbh_stdreq.o
USB_MOUSE_DATA      0x8               ..\obj\blinky.o
USB_HID_HOST_STATUS
                    0x1               ..\obj\blinky.o
USB_OTG_Core_dev    0x5ac             ..\obj\stm32_ub_usb_hid_host.o
keyboard_timer      0x4               ..\obj\blinky.o
LCD_CurrentOrientation
                    0x4               ..\obj\blinky.o
Inky_Skin           0x58              ..\obj\blinky.o
Mode_Systic_Timer_ms
                    0x4               ..\obj\blinky.o
Game                0x24              ..\obj\blinky.o
HID_Machine         0x54              ..\obj\usbh_hid_core.o
Button_Skin         0x10              ..\obj\blinky.o
usb_status          0x1               ..\obj\pacman.o
GUI                 0x8               ..\obj\blinky.o
akt_usb_status      0x1               ..\obj\blinky.o
Player_Skin         0x48              ..\obj\blinky.o
Maze                0x5164            ..\obj\blinky.o
Touch_Data          0x6               ..\obj\blinky.o
Clyde_Skin          0x58              ..\obj\blinky.o
HID_Desc            0xa               ..\obj\usbh_hid_core.o
Blinky_Systic_Timer_ms
                    0x4               ..\obj\blinky.o
Pinky_Systic_Timer_ms
                    0x4               ..\obj\blinky.o
Player              0x3c              ..\obj\blinky.o
UART_RX             0x34              ..\obj\blinky.o
Clyde               0x3c              ..\obj\blinky.o
USB_Host            0x84              ..\obj\stm32_ub_usb_hid_host.o
Inky                0x3c              ..\obj\blinky.o
hid_autoconnect     0x4               ..\obj\blinky.o
Blinky              0x3c              ..\obj\blinky.o
LCD_CurrentFrameBuffer
                    0x4               ..\obj\blinky.o
Pinky               0x3c              ..\obj\blinky.o
HID_Setup           0x8               ..\obj\usbh_hid_core.o
Blinky_Skin         0x58              ..\obj\blinky.o
Player_Systick_Timer_ms
                    0x4               ..\obj\blinky.o
USB_KEY_DATA        0x5               ..\obj\blinky.o

Discarded input sections

 .text          0x00000000        0x0 ..\obj\blinky.o
 .data          0x00000000        0x0 ..\obj\blinky.o
 .bss           0x00000000        0x0 ..\obj\blinky.o
 .text          0x00000000        0x0 ..\obj\inky.o
 .data          0x00000000        0x0 ..\obj\inky.o
 .bss           0x00000000        0x0 ..\obj\inky.o
 .text          0x00000000        0x0 ..\obj\usb_core.o
 .data          0x00000000        0x0 ..\obj\usb_core.o
 .bss           0x00000000        0x0 ..\obj\usb_core.o
 .text.USB_OTG_IsDeviceMode
                0x00000000       0x24 ..\obj\usb_core.o
 .text.USB_OTG_ReadOtgItr
                0x00000000       0x18 ..\obj\usb_core.o
 .text.USB_OTG_StopHost
                0x00000000       0x80 ..\obj\usb_core.o
 .text          0x00000000        0x0 ..\obj\stm32_ub_sdram.o
 .data          0x00000000        0x0 ..\obj\stm32_ub_sdram.o
 .text.UB_SDRAM_Write8b
                0x00000000       0x24 ..\obj\stm32_ub_sdram.o
 .text.UB_SDRAM_Read8b
                0x00000000       0x24 ..\obj\stm32_ub_sdram.o
 .text.UB_SDRAM_Write32b
                0x00000000       0x20 ..\obj\stm32_ub_sdram.o
 .text.UB_SDRAM_Read32b
                0x00000000       0x24 ..\obj\stm32_ub_sdram.o
 .text.UB_SDRAM_WriteBuffer32b
                0x00000000       0x58 ..\obj\stm32_ub_sdram.o
 .text.UB_SDRAM_ReadBuffer32b
                0x00000000       0x4c ..\obj\stm32_ub_sdram.o
 .text          0x00000000        0x0 ..\obj\stm32_ub_usb_hid_host.o
 .data          0x00000000        0x0 ..\obj\stm32_ub_usb_hid_host.o
 .text.UB_USB_HID_HOST_GetShift
                0x00000000       0x2c ..\obj\stm32_ub_usb_hid_host.o
 .text.UB_USB_HID_HOST_GetMouse
                0x00000000       0x38 ..\obj\stm32_ub_usb_hid_host.o
 .text          0x00000000        0x0 ..\obj\stm32f4xx_dma2d.o
 .data          0x00000000        0x0 ..\obj\stm32f4xx_dma2d.o
 .bss           0x00000000        0x0 ..\obj\stm32f4xx_dma2d.o
 .text.DMA2D_StructInit
[...]
Memory Configuration

Name             Origin             Length             Attributes
rom              0x08000000         0x00100000         xr
ram              0x20000000         0x00020000         xrw
ram1             0x10000000         0x00010000         xrw
*default*        0x00000000         0xffffffff

Linker script and memory map

                0x20020000                _eram = 0x20020000

.text           0x08000000    0x19672
 *(.isr_vector .isr_vector.*)
 .isr_vector    0x08000000      0x1ac ..\obj\startup_stm32f4xx.o
                0x08000000                g_pfnVectors
 *(.text .text.* .gnu.linkonce.t.*)
 .text.blinky_init
                0x080001ac       0xa8 ..\obj\blinky.o
                0x080001ac                blinky_init
 .text.blinky_move
                0x08000254      0x2b8 ..\obj\blinky.o
                0x08000254                blinky_move
 .text.blinky_change_skin
                0x0800050c       0xe4 ..\obj\blinky.o
                0x0800050c                blinky_change_skin
 .text.blinky_check_event
                0x080005f0       0xa8 ..\obj\blinky.o
                0x080005f0                blinky_check_event
 .text.blinky_calc_next_move
                0x08000698      0x42c ..\obj\blinky.o
                0x08000698                blinky_calc_next_move
 .text.inky_init
                0x08000ac4       0xa8 ..\obj\inky.o
                0x08000ac4                inky_init
 .text.inky_move
                0x08000b6c      0x2c8 ..\obj\inky.o
                0x08000b6c                inky_move
 .text.inky_change_skin
                0x08000e34       0xe4 ..\obj\inky.o
                0x08000e34                inky_change_skin
 .text.inky_check_event
                0x08000f18       0xb4 ..\obj\inky.o
                0x08000f18                inky_check_event
 .text.inky_calc_next_move
                0x08000fcc      0x42c ..\obj\inky.o
                0x08000fcc                inky_calc_next_move
 .text.USB_OTG_EnableCommonInt
                0x080013f8       0x44 ..\obj\usb_core.o
 .text.USB_OTG_CoreReset
                0x0800143c       0x90 ..\obj\usb_core.o
 .text.USB_OTG_WritePacket
                0x080014cc       0x74 ..\obj\usb_core.o
                0x080014cc                USB_OTG_WritePacket
 .text.USB_OTG_ReadPacket
                0x08001540       0x58 ..\obj\usb_core.o
                0x08001540                USB_OTG_ReadPacket
 .text.USB_OTG_SelectCore
                0x08001598      0x180 ..\obj\usb_core.o
                0x08001598                USB_OTG_SelectCore
 .text.USB_OTG_CoreInit
                0x08001718      0x144 ..\obj\usb_core.o
                0x08001718                USB_OTG_CoreInit
 .text.USB_OTG_EnableGlobalInt
                0x0800185c       0x34 ..\obj\usb_core.o
                0x0800185c                USB_OTG_EnableGlobalInt
 .text.USB_OTG_DisableGlobalInt
                0x08001890       0x38 ..\obj\usb_core.o
                0x08001890                USB_OTG_DisableGlobalInt
 .text.USB_OTG_FlushTxFifo
                0x080018c8       0x74 ..\obj\usb_core.o
                0x080018c8                USB_OTG_FlushTxFifo
 .text.USB_OTG_FlushRxFifo
                0x0800193c       0x60 ..\obj\usb_core.o
                0x0800193c                USB_OTG_FlushRxFifo
 .text.USB_OTG_SetCurrentMode
                0x0800199c       0x60 ..\obj\usb_core.o
                0x0800199c                USB_OTG_SetCurrentMode
 .text.USB_OTG_GetMode
                0x080019fc       0x1c ..\obj\usb_core.o
                0x080019fc                USB_OTG_GetMode
 .text.USB_OTG_IsHostMode
                0x08001a18       0x24 ..\obj\usb_core.o
                0x08001a18                USB_OTG_IsHostMode
 .text.USB_OTG_ReadCoreItr
                0x08001a3c       0x2c ..\obj\usb_core.o
                0x08001a3c                USB_OTG_ReadCoreItr
 .text.USB_OTG_CoreInitHost
                0x08001a68      0x100 ..\obj\usb_core.o
                0x08001a68                USB_OTG_CoreInitHost
 .text.USB_OTG_IsEvenFrame
                0x08001b68       0x28 ..\obj\usb_core.o
                0x08001b68                USB_OTG_IsEvenFrame
 .text.USB_OTG_DriveVbus
                0x08001b90       0x7c ..\obj\usb_core.o
                0x08001b90                USB_OTG_DriveVbus
 .text.USB_OTG_EnableHostInt
                0x08001c0c       0x80 ..\obj\usb_core.o
                0x08001c0c                USB_OTG_EnableHostInt
 .text.USB_OTG_InitFSLSPClkSel
                0x08001c8c       0x38 ..\obj\usb_core.o
                0x08001c8c                USB_OTG_InitFSLSPClkSel
 .text.USB_OTG_ReadHPRT0
                0x08001cc4       0x40 ..\obj\usb_core.o
                0x08001cc4                USB_OTG_ReadHPRT0
 .text.USB_OTG_ReadHostAllChannels_intr
                0x08001d04       0x18 ..\obj\usb_core.o
                0x08001d04                USB_OTG_ReadHostAllChannels_intr
 .text.USB_OTG_ResetPort
                0x08001d1c       0x4c ..\obj\usb_core.o
                0x08001d1c                USB_OTG_ResetPort
 .text.USB_OTG_HC_Init
                0x08001d68      0x298 ..\obj\usb_core.o
                0x08001d68                USB_OTG_HC_Init
 .text.USB_OTG_HC_StartXfer
                0x08002000      0x2c0 ..\obj\usb_core.o
                0x08002000                USB_OTG_HC_StartXfer
 .text.USB_OTG_HC_Halt
                0x080022c0       0xa0 ..\obj\usb_core.o
                0x080022c0                USB_OTG_HC_Halt
 .text.USB_OTG_HC_DoPing
                0x08002360       0x74 ..\obj\usb_core.o
                0x08002360                USB_OTG_HC_DoPing
 .text.UB_SDRAM_Init
                0x080023d4       0x84 ..\obj\stm32_ub_sdram.o
                0x080023d4                UB_SDRAM_Init
 .text.UB_SDRAM_Write16b
                0x08002458       0x24 ..\obj\stm32_ub_sdram.o
                0x08002458                UB_SDRAM_Write16b
 .text.UB_SDRAM_Read16b
                0x0800247c       0x24 ..\obj\stm32_ub_sdram.o
                0x0800247c                UB_SDRAM_Read16b
 .text.P_SDRAM_InitIO
                0x080024a0      0x218 ..\obj\stm32_ub_sdram.o
                0x080024a0                P_SDRAM_InitIO
 .text.P_SDRAM_InitFMC
                0x080026b8       0x74 ..\obj\stm32_ub_sdram.o
                0x080026b8                P_SDRAM_InitFMC
 .text.P_SDRAM_InitSequence
                0x0800272c       0xf0 ..\obj\stm32_ub_sdram.o
                0x0800272c                P_SDRAM_InitSequence
 .text.P_SDRAM_delay
                0x0800281c       0x34 ..\obj\stm32_ub_sdram.o
 .text.UB_USB_HID_HOST_Init
                0x08002850       0x90 ..\obj\stm32_ub_usb_hid_host.o
                0x08002850                UB_USB_HID_HOST_Init
 .text.UB_USB_HID_HOST_Do
                0x080028e0       0x74 ..\obj\stm32_ub_usb_hid_host.o
                0x080028e0                UB_USB_HID_HOST_Do
 .text.UB_USB_HID_HOST_GetKeyAnz
                0x08002954       0x44 ..\obj\stm32_ub_usb_hid_host.o
                0x08002954                UB_USB_HID_HOST_GetKeyAnz
 .text.DMA2D_DeInit
                0x08002998       0x1c ..\obj\stm32f4xx_dma2d.o
                0x08002998                DMA2D_DeInit
 .text.DMA2D_Init
                0x080029b4      0x15c ..\obj\stm32f4xx_dma2d.o
                0x080029b4                DMA2D_Init
 .text.DMA2D_StartTransfer
                0x08002b10       0x1c ..\obj\stm32f4xx_dma2d.o
                0x08002b10                DMA2D_StartTransfer
 .text.DMA2D_GetFlagStatus
                0x08002b2c       0x34 ..\obj\stm32f4xx_dma2d.o
                0x08002b2c                DMA2D_GetFlagStatus
 .text.bot_calc_move_random
                0x08002b60      0x124 ..\obj\bot.o
                0x08002b60                bot_calc_move_random
 .text.bot_calc_move_blinky
                0x08002c84       0x3c ..\obj\bot.o
                0x08002c84                bot_calc_move_blinky
 .text.bot_calc_move_pinky
                0x08002cc0       0xec ..\obj\bot.o
                0x08002cc0                bot_calc_move_pinky
 .text.bot_calc_move_inky
                0x08002dac      0x11c ..\obj\bot.o
                0x08002dac                bot_calc_move_inky
 .text.bot_calc_move_clyde
                0x08002ec8       0x6c ..\obj\bot.o
                0x08002ec8                bot_calc_move_clyde
 .text.bot_calc_move_home
                0x08002f34       0x68 ..\obj\bot.o
                0x08002f34                bot_calc_move_home
 .text.bot_calc_move_scatter
                0x08002f9c       0x68 ..\obj\bot.o
                0x08002f9c                bot_calc_move_scatter
 .text.bot_calc_move
                0x08003004      0x188 ..\obj\bot.o
                0x08003004                bot_calc_move
 .text.bot_calc_distance
                0x0800318c       0xb4 ..\obj\bot.o
                0x0800318c                bot_calc_distance
 .text.UB_SQRT  0x08003240       0x40 ..\obj\bot.o
                0x08003240                UB_SQRT
 .text.UB_I2C3_Init
                0x08003280       0xbc ..\obj\stm32_ub_i2c3.o
                0x08003280                UB_I2C3_Init
 .text.UB_I2C3_ReadByte
                0x0800333c      0x1f8 ..\obj\stm32_ub_i2c3.o
                0x0800333c                UB_I2C3_ReadByte
 .text.UB_I2C3_WriteByte
                0x08003534      0x174 ..\obj\stm32_ub_i2c3.o
                0x08003534                UB_I2C3_WriteByte
 .text.UB_I2C3_Delay
                0x080036a8       0x20 ..\obj\stm32_ub_i2c3.o
                0x080036a8                UB_I2C3_Delay
 .text.P_I2C3_InitI2C
                0x080036c8       0x48 ..\obj\stm32_ub_i2c3.o
                0x080036c8                P_I2C3_InitI2C
 .text.P_I2C3_timeout
                0x08003710       0x40 ..\obj\stm32_ub_i2c3.o
                0x08003710                P_I2C3_timeout
 .text.USBH_Open_Channel
                0x08003750       0xf8 ..\obj\usbh_hcs.o
                0x08003750                USBH_Open_Channel
 .text.USBH_Modify_Channel
                0x08003848       0x98 ..\obj\usbh_hcs.o
                0x08003848                USBH_Modify_Channel
 .text.USBH_Alloc_Channel
                0x080038e0       0x4c ..\obj\usbh_hcs.o
                0x080038e0                USBH_Alloc_Channel
 .text.USBH_Free_Channel
                0x0800392c       0x44 ..\obj\usbh_hcs.o
                0x0800392c                USBH_Free_Channel
 .text.USBH_DeAllocate_AllChannel
                0x08003970       0x38 ..\obj\usbh_hcs.o
                0x08003970                USBH_DeAllocate_AllChannel
 .text.USBH_GetFreeChannel
                0x080039a8       0x48 ..\obj\usbh_hcs.o
 .text.USART_Init
                0x080039f0      0x174 ..\obj\stm32f4xx_usart.o
                0x080039f0                USART_Init
 .text.USART_Cmd
                0x08003b64       0x40 ..\obj\stm32f4xx_usart.o
                0x08003b64                USART_Cmd
 .text.USART_OverSampling8Cmd
                0x08003ba4       0x44 ..\obj\stm32f4xx_usart.o
                0x08003ba4                USART_OverSampling8Cmd
 .text.USART_ReceiveData
                0x08003be8       0x20 ..\obj\stm32f4xx_usart.o
                0x08003be8                USART_ReceiveData
 .text.USART_ITConfig
                0x08003c08       0x90 ..\obj\stm32f4xx_usart.o
                0x08003c08                USART_ITConfig
 .text.USART_GetITStatus
                0x08003c98       0xb4 ..\obj\stm32f4xx_usart.o
                0x08003c98                USART_GetITStatus
 .text.USBH_Get_DevDesc
                0x08003d4c       0x54 ..\obj\usbh_stdreq.o
                0x08003d4c                USBH_Get_DevDesc
 .text.USBH_Get_CfgDesc
                0x08003da0       0x88 ..\obj\usbh_stdreq.o
                0x08003da0                USBH_Get_CfgDesc
 .text.USBH_Get_StringDesc
                0x08003e28       0x58 ..\obj\usbh_stdreq.o
                0x08003e28                USBH_Get_StringDesc
 .text.USBH_GetDescriptor
                0x08003e80       0x68 ..\obj\usbh_stdreq.o
                0x08003e80                USBH_GetDescriptor
 .text.USBH_SetAddress
                0x08003ee8       0x44 ..\obj\usbh_stdreq.o
                0x08003ee8                USBH_SetAddress
 .text.USBH_SetCfg
                0x08003f2c       0x44 ..\obj\usbh_stdreq.o
                0x08003f2c                USBH_SetCfg
 .text.USBH_ClrFeature
                0x08003f70       0x78 ..\obj\usbh_stdreq.o
                0x08003f70                USBH_ClrFeature
 .text.USBH_ParseDevDesc
                0x08003fe8       0xe0 ..\obj\usbh_stdreq.o
 .text.USBH_ParseCfgDesc
                0x080040c8      0x1c4 ..\obj\usbh_stdreq.o
 .text.USBH_ParseInterfaceDesc
                0x0800428c       0x5c ..\obj\usbh_stdreq.o
 .text.USBH_ParseEPDesc
                0x080042e8       0x58 ..\obj\usbh_stdreq.o
 .text.USBH_ParseStringDesc
                0x08004340       0x64 ..\obj\usbh_stdreq.o
 .text.USBH_GetNextDesc
                0x080043a4       0x34 ..\obj\usbh_stdreq.o
                0x080043a4                USBH_GetNextDesc
 .text.skin_init
                0x080043d8       0x18 ..\obj\skin.o
                0x080043d8                skin_init
 .text.skin_init_maze
                0x080043f0      0x25c ..\obj\skin.o
                0x080043f0                skin_init_maze
 .text.skin_init_player
                0x0800464c       0xa8 ..\obj\skin.o
                0x0800464c                skin_init_player
 .text.skin_init_ghosts
                0x080046f4      0x2a4 ..\obj\skin.o
                0x080046f4                skin_init_ghosts
 .text.skin_init_gui
                0x08004998       0x54 ..\obj\skin.o
                0x08004998                skin_init_gui
 .text.pacman_start
                0x080049ec      0x234 ..\obj\pacman.o
                0x080049ec                pacman_start
 .text.pacman_hw_init
                0x08004c20       0x40 ..\obj\pacman.o
                0x08004c20                pacman_hw_init
 .text.pacman_init
                0x08004c60       0x48 ..\obj\pacman.o
                0x08004c60                pacman_init
 .text.pacman_set_level
                0x08004ca8       0xe0 ..\obj\pacman.o
                0x08004ca8                pacman_set_level
 .text.pacman_play
                0x08004d88      0x258 ..\obj\pacman.o
                0x08004d88                pacman_play
 .text.pacman_dec_mode_timer
                0x08004fe0       0xc0 ..\obj\pacman.o
                0x08004fe0                pacman_dec_mode_timer
 .text.LTDC_Init
                0x080050a0      0x12c ..\obj\stm32f4xx_ltdc.o
                0x080050a0                LTDC_Init
 .text.LTDC_Cmd
                0x080051cc       0x38 ..\obj\stm32f4xx_ltdc.o
                0x080051cc                LTDC_Cmd
 .text.LTDC_DitherCmd
                0x08005204       0x38 ..\obj\stm32f4xx_ltdc.o
                0x08005204                LTDC_DitherCmd
 .text.LTDC_ReloadConfig
                0x0800523c       0x1c ..\obj\stm32f4xx_ltdc.o
                0x0800523c                LTDC_ReloadConfig
 .text.LTDC_LayerInit
                0x08005258      0x134 ..\obj\stm32f4xx_ltdc.o
                0x08005258                LTDC_LayerInit
 .text.LTDC_LayerCmd
                0x0800538c       0x38 ..\obj\stm32f4xx_ltdc.o
                0x0800538c                LTDC_LayerCmd
 .text.LTDC_LayerAlpha
                0x080053c4       0x1c ..\obj\stm32f4xx_ltdc.o
                0x080053c4                LTDC_LayerAlpha
 .text.Default_Reset_Handler
                0x080053e0       0x5c ..\obj\startup_stm32f4xx.o
                0x080053e0                Default_Reset_Handler
                0x080053e0                Reset_Handler
 .text.Default_Handler
                0x0800543c        0x8 ..\obj\startup_stm32f4xx.o
                0x0800543c                RTC_Alarm_IRQHandler
                0x0800543c                HASH_RNG_IRQHandler
                0x0800543c                EXTI2_IRQHandler
                0x0800543c                TIM8_CC_IRQHandler
                0x0800543c                DebugMon_Handler
                0x0800543c                UART8_IRQHandler
                0x0800543c                SPI4_IRQHandler
                0x0800543c                TIM1_CC_IRQHandler
                0x0800543c                DMA2_Stream5_IRQHandler
                0x0800543c                HardFault_Handler
                0x0800543c                DMA1_Stream5_IRQHandler
                0x0800543c                PVD_IRQHandler
                0x0800543c                SDIO_IRQHandler
                0x0800543c                TAMP_STAMP_IRQHandler
                0x0800543c                PendSV_Handler
                0x0800543c                NMI_Handler
                0x0800543c                CAN2_RX1_IRQHandler
                0x0800543c                EXTI3_IRQHandler
                0x0800543c                TIM8_TRG_COM_TIM14_IRQHandler
                0x0800543c                TIM1_UP_TIM10_IRQHandler
                0x0800543c                TIM8_UP_TIM13_IRQHandler
                0x0800543c                I2C3_ER_IRQHandler
                0x0800543c                EXTI0_IRQHandler
                0x0800543c                I2C2_EV_IRQHandler
                0x0800543c                DMA1_Stream2_IRQHandler
                0x0800543c                CAN1_RX0_IRQHandler
                0x0800543c                FPU_IRQHandler
                0x0800543c                OTG_HS_WKUP_IRQHandler
                0x0800543c                UsageFault_Handler
                0x0800543c                LTDC_ER_IRQHandler
                0x0800543c                CAN2_SCE_IRQHandler
                0x0800543c                DMA2_Stream2_IRQHandler
                0x0800543c                SPI1_IRQHandler
                0x0800543c                TIM6_DAC_IRQHandler
                0x0800543c                TIM1_BRK_TIM9_IRQHandler
                0x0800543c                DCMI_IRQHandler
                0x0800543c                CAN2_RX0_IRQHandler
                0x0800543c                DMA2_Stream3_IRQHandler
                0x0800543c                CRYP_IRQHandler
                0x0800543c                CAN1_RX1_IRQHandler
                0x0800543c                UART5_IRQHandler
                0x0800543c                DMA2_Stream0_IRQHandler
                0x0800543c                TIM4_IRQHandler
                0x0800543c                I2C1_EV_IRQHandler
                0x0800543c                DMA1_Stream6_IRQHandler
                0x0800543c                DMA1_Stream1_IRQHandler
                0x0800543c                UART4_IRQHandler
                0x0800543c                TIM3_IRQHandler
                0x0800543c                RCC_IRQHandler
                0x0800543c                TIM8_BRK_TIM12_IRQHandler
                0x0800543c                EXTI15_10_IRQHandler
                0x0800543c                ADC_IRQHandler
                0x0800543c                DMA1_Stream7_IRQHandler
                0x0800543c                SPI5_IRQHandler
                0x0800543c                TIM7_IRQHandler
                0x0800543c                CAN2_TX_IRQHandler
                0x0800543c                TIM5_IRQHandler
                0x0800543c                DMA2_Stream7_IRQHandler
                0x0800543c                I2C3_EV_IRQHandler
                0x0800543c                EXTI9_5_IRQHandler
                0x0800543c                RTC_WKUP_IRQHandler
                0x0800543c                LTDC_IRQHandler
                0x0800543c                ETH_WKUP_IRQHandler
                0x0800543c                SPI2_IRQHandler
                0x0800543c                OTG_HS_EP1_IN_IRQHandler
                0x0800543c                MemManage_Handler
                0x0800543c                DMA1_Stream0_IRQHandler
                0x0800543c                CAN1_TX_IRQHandler
                0x0800543c                SVC_Handler
                0x0800543c                EXTI4_IRQHandler
                0x0800543c                ETH_IRQHandler
                0x0800543c                OTG_HS_EP1_OUT_IRQHandler
                0x0800543c                WWDG_IRQHandler
                0x0800543c                SPI6_IRQHandler
                0x0800543c                TIM2_IRQHandler
                0x0800543c                OTG_FS_WKUP_IRQHandler
                0x0800543c                TIM1_TRG_COM_TIM11_IRQHandler
                0x0800543c                DMA2D_IRQHandler
                0x0800543c                EXTI1_IRQHandler
                0x0800543c                UART7_IRQHandler
                0x0800543c                I2C2_ER_IRQHandler
                0x0800543c                DMA2_Stream1_IRQHandler
                0x0800543c                CAN1_SCE_IRQHandler
                0x0800543c                FLASH_IRQHandler
                0x0800543c                DMA2_Stream4_IRQHandler
                0x0800543c                BusFault_Handler
                0x0800543c                OTG_FS_IRQHandler
                0x0800543c                SPI3_IRQHandler
                0x0800543c                DMA1_Stream4_IRQHandler
                0x0800543c                I2C1_ER_IRQHandler
                0x0800543c                FMC_IRQHandler
                0x0800543c                DMA2_Stream6_IRQHandler
                0x0800543c                SAI1_IRQHandler
                0x0800543c                DMA1_Stream3_IRQHandler
 .text.MOUSE_Init
                0x08005444        0xc ..\obj\usbh_hid_mouse.o
 .text.MOUSE_Decode
                0x08005450       0x34 ..\obj\usbh_hid_mouse.o
 .text.gui_clear_screen
                0x08005484       0x18 ..\obj\gui.o
                0x08005484                gui_clear_screen
 .text.gui_clear_bots
                0x0800549c       0x1c ..\obj\gui.o
                0x0800549c                gui_clear_bots
 .text.gui_draw_bots
                0x080054b8       0x1c ..\obj\gui.o
                0x080054b8                gui_draw_bots
 .text.gui_draw_maze
                0x080054d4       0xa4 ..\obj\gui.o
                0x080054d4                gui_draw_maze
 .text.gui_draw_errmaze
                0x08005578       0xd4 ..\obj\gui.o
                0x08005578                gui_draw_errmaze
 .text.gui_draw_player
                0x0800564c       0xa4 ..\obj\gui.o
                0x0800564c                gui_draw_player
 .text.gui_clear_player
                0x080056f0      0x15c ..\obj\gui.o
                0x080056f0                gui_clear_player
 .text.gui_draw_blinky
                0x0800584c       0xa4 ..\obj\gui.o
                0x0800584c                gui_draw_blinky
 .text.gui_clear_blinky
                0x080058f0      0x114 ..\obj\gui.o
                0x080058f0                gui_clear_blinky
 .text.gui_draw_pinky
                0x08005a04       0xa4 ..\obj\gui.o
                0x08005a04                gui_draw_pinky
 .text.gui_clear_pinky
                0x08005aa8      0x114 ..\obj\gui.o
                0x08005aa8                gui_clear_pinky
 .text.gui_draw_inky
                0x08005bbc       0xa4 ..\obj\gui.o
                0x08005bbc                gui_draw_inky
 .text.gui_clear_inky
                0x08005c60      0x114 ..\obj\gui.o
                0x08005c60                gui_clear_inky
 .text.gui_draw_clyde
                0x08005d74       0xa4 ..\obj\gui.o
                0x08005d74                gui_draw_clyde
 .text.gui_clear_clyde
                0x08005e18      0x114 ..\obj\gui.o
                0x08005e18                gui_clear_clyde
 .text.gui_draw_gui
                0x08005f2c      0x148 ..\obj\gui.o
                0x08005f2c                gui_draw_gui
 .text.gui_draw_buttons
                0x08006074      0x12c ..\obj\gui.o
                0x08006074                gui_draw_buttons
 .text.gui_check_touch
                0x080061a0       0xd4 ..\obj\gui.o
                0x080061a0                gui_check_touch
 .text.gui_check_keyboard
                0x08006274       0x84 ..\obj\gui.o
                0x08006274                gui_check_keyboard
 .text.gui_debug_uart
                0x080062f8       0x14 ..\obj\gui.o
                0x080062f8                gui_debug_uart
 .text.main     0x0800630c       0x10 ..\obj\main.o
                0x0800630c                main
 .text.RCC_PLLSAIConfig
                0x0800631c       0x30 ..\obj\stm32f4xx_rcc.o
                0x0800631c                RCC_PLLSAIConfig
 .text.RCC_PLLSAICmd
                0x0800634c       0x20 ..\obj\stm32f4xx_rcc.o
                0x0800634c                RCC_PLLSAICmd
 .text.RCC_GetClocksFreq
                0x0800636c      0x154 ..\obj\stm32f4xx_rcc.o
                0x0800636c                RCC_GetClocksFreq
 .text.RCC_LTDCCLKDivConfig
                0x080064c0       0x3c ..\obj\stm32f4xx_rcc.o
                0x080064c0                RCC_LTDCCLKDivConfig
 .text.RCC_AHB1PeriphClockCmd
                0x080064fc       0x3c ..\obj\stm32f4xx_rcc.o
                0x080064fc                RCC_AHB1PeriphClockCmd
 .text.RCC_AHB3PeriphClockCmd
                0x08006538       0x3c ..\obj\stm32f4xx_rcc.o
                0x08006538                RCC_AHB3PeriphClockCmd
 .text.RCC_APB1PeriphClockCmd
                0x08006574       0x3c ..\obj\stm32f4xx_rcc.o
                0x08006574                RCC_APB1PeriphClockCmd
 .text.RCC_APB2PeriphClockCmd
                0x080065b0       0x3c ..\obj\stm32f4xx_rcc.o
                0x080065b0                RCC_APB2PeriphClockCmd
 .text.RCC_AHB1PeriphResetCmd
                0x080065ec       0x3c ..\obj\stm32f4xx_rcc.o
                0x080065ec                RCC_AHB1PeriphResetCmd
 .text.RCC_APB1PeriphResetCmd
                0x08006628       0x3c ..\obj\stm32f4xx_rcc.o
                0x08006628                RCC_APB1PeriphResetCmd
 .text.RCC_APB2PeriphResetCmd
                0x08006664       0x3c ..\obj\stm32f4xx_rcc.o
                0x08006664                RCC_APB2PeriphResetCmd
 .text.RCC_GetFlagStatus
                0x080066a0       0x74 ..\obj\stm32f4xx_rcc.o
                0x080066a0                RCC_GetFlagStatus
 .text.player_init
                0x08006714       0xac ..\obj\player.o
                0x08006714                player_init
 .text.player_move
                0x080067c0      0x46c ..\obj\player.o
                0x080067c0                player_move
 .text.player_change_skin
                0x08006c2c      0x124 ..\obj\player.o
                0x08006c2c                player_change_skin
 .text.player_check_event
                0x08006d50      0x328 ..\obj\player.o
                0x08006d50                player_check_event
 .text.player_change_direction
                0x08007078      0x1ec ..\obj\player.o
                0x08007078                player_change_direction
 .text.NVIC_SetPriority
                0x08007264       0x54 ..\obj\stm32_ub_systick.o
 .text.SysTick_Config
                0x080072b8       0x44 ..\obj\stm32_ub_systick.o
 .text.UB_Systick_Init
                0x080072fc       0x70 ..\obj\stm32_ub_systick.o
                0x080072fc                UB_Systick_Init
 .text.UB_Systick_Pause_ms
                0x0800736c       0x28 ..\obj\stm32_ub_systick.o
                0x0800736c                UB_Systick_Pause_ms
 .text.SysTick_Handler
                0x08007394       0xe0 ..\obj\stm32_ub_systick.o
                0x08007394                SysTick_Handler
 .text.PutChar  0x08007474       0x20 ..\obj\printf.o
                0x08007474                PutChar
 .text.PutString
                0x08007494       0x3c ..\obj\printf.o
                0x08007494                PutString
 .text.PutUnsignedInt
                0x080074d0       0x9c ..\obj\printf.o
                0x080074d0                PutUnsignedInt
 .text.PutSignedInt
                0x0800756c       0xf8 ..\obj\printf.o
                0x0800756c                PutSignedInt
 .text.PutHexa  0x08007664       0xd4 ..\obj\printf.o
                0x08007664                PutHexa
 .text.vsnprintf
                0x08007738      0x254 ..\obj\printf.o
                0x08007738                vsnprintf
 .text.vsprintf
                0x0800798c       0x24 ..\obj\printf.o
                0x0800798c                vsprintf
 .text.sprintf  0x080079b0       0x2c ..\obj\printf.o
                0x080079b0                sprintf
 .text.USBH_HID_InterfaceInit
                0x080079dc      0x1a8 ..\obj\usbh_hid_core.o
 .text.USBH_HID_InterfaceDeInit
                0x08007b84       0x7c ..\obj\usbh_hid_core.o
 .text.USBH_HID_ClassRequest
                0x08007c00       0xf4 ..\obj\usbh_hid_core.o
 .text.USBH_HID_Handle
                0x08007cf4      0x144 ..\obj\usbh_hid_core.o
 .text.USBH_Get_HID_ReportDescriptor
                0x08007e38       0x38 ..\obj\usbh_hid_core.o
 .text.USBH_Get_HID_Descriptor
                0x08007e70       0x38 ..\obj\usbh_hid_core.o
 .text.USBH_Set_Idle
                0x08007ea8       0x58 ..\obj\usbh_hid_core.o
 .text.USBH_Set_Protocol
                0x08007f00       0x50 ..\obj\usbh_hid_core.o
 .text.USBH_ParseHIDDesc
                0x08007f50       0x74 ..\obj\usbh_hid_core.o
 .text.maze_generate_searchandset
                0x08007fc4      0x2b8 ..\obj\maze_generate.o
                0x08007fc4                maze_generate_searchandset
 .text.maze_generate_digpath_h
                0x0800827c      0x1c4 ..\obj\maze_generate.o
                0x0800827c                maze_generate_digpath_h
 .text.maze_generate_digpath_v
                0x08008440      0x1c4 ..\obj\maze_generate.o
                0x08008440                maze_generate_digpath_v
 .text.maze_generate_setportals
                0x08008604      0x340 ..\obj\maze_generate.o
                0x08008604                maze_generate_setportals
 .text.maze_generate_setgate
                0x08008944      0x374 ..\obj\maze_generate.o
                0x08008944                maze_generate_setgate
 .text.maze_generate_setwallskin_outside
                0x08008cb8      0x11c ..\obj\maze_generate.o
                0x08008cb8                maze_generate_setwallskin_outside
 .text.maze_generate_setonewallskin_outside
                0x08008dd4      0x164 ..\obj\maze_generate.o
                0x08008dd4                maze_generate_setonewallskin_outside
 .text.maze_generate_setwallskin_inside
                0x08008f38       0x84 ..\obj\maze_generate.o
                0x08008f38                maze_generate_setwallskin_inside
 .text.maze_generate_setonewallskin_inside
                0x08008fbc      0x38c ..\obj\maze_generate.o
                0x08008fbc                maze_generate_setonewallskin_inside
 .text.maze_generate_setskin_h
                0x08009348       0x88 ..\obj\maze_generate.o
                0x08009348                maze_generate_setskin_h
 .text.maze_generate_setskin_v
                0x080093d0       0x88 ..\obj\maze_generate.o
                0x080093d0                maze_generate_setskin_v
 .text.maze_generate_check
                0x08009458      0x59c ..\obj\maze_generate.o
                0x08009458                maze_generate_check
 .text.maze_generate_count_dots
                0x080099f4       0x6c ..\obj\maze_generate.o
                0x080099f4                maze_generate_count_dots
 .text.UB_Button_Init
                0x08009a60       0x88 ..\obj\stm32_ub_button.o
                0x08009a60                UB_Button_Init
 .text.UB_Uart_Init
                0x08009ae8      0x2b4 ..\obj\stm32_ub_uart.o
                0x08009ae8                UB_Uart_Init
 .text.P_UART_Receive
                0x08009d9c       0xf4 ..\obj\stm32_ub_uart.o
                0x08009d9c                P_UART_Receive
 .text.P_UART_RX_INT
                0x08009e90       0x54 ..\obj\stm32_ub_uart.o
                0x08009e90                P_UART_RX_INT
 .text.USART1_IRQHandler
                0x08009ee4       0x38 ..\obj\stm32_ub_uart.o
                0x08009ee4                USART1_IRQHandler
 .text.USART2_IRQHandler
                0x08009f1c       0x38 ..\obj\stm32_ub_uart.o
                0x08009f1c                USART2_IRQHandler
 .text.USART3_IRQHandler
                0x08009f54       0x38 ..\obj\stm32_ub_uart.o
                0x08009f54                USART3_IRQHandler
 .text.USART6_IRQHandler
                0x08009f8c       0x38 ..\obj\stm32_ub_uart.o
                0x08009f8c                USART6_IRQHandler
 .text.maze_build
                0x08009fc4       0x14 ..\obj\maze.o
                0x08009fc4                maze_build
 .text.maze_make_rooms
                0x08009fd8      0x3e8 ..\obj\maze.o
                0x08009fd8                maze_make_rooms
 .text.maze_set_skin
                0x0800a3c0      0x25c ..\obj\maze.o
                0x0800a3c0                maze_set_skin
 .text.maze_count_dots
                0x0800a61c       0x18 ..\obj\maze.o
                0x0800a61c                maze_count_dots
 .text.UB_Graphic2D_DrawFullRectDMA
                0x0800a634      0x12c ..\obj\stm32_ub_graphic2d.o
                0x0800a634                UB_Graphic2D_DrawFullRectDMA
 .text.UB_Graphic2D_DrawImageRect
                0x0800a760       0xa4 ..\obj\stm32_ub_graphic2d.o
                0x0800a760                UB_Graphic2D_DrawImageRect
 .text.UB_Graphic2D_DrawImageRectRotate
                0x0800a804      0x1a4 ..\obj\stm32_ub_graphic2d.o
                0x0800a804                UB_Graphic2D_DrawImageRectRotate
 .text.pinky_init
                0x0800a9a8       0xa8 ..\obj\pinky.o
                0x0800a9a8                pinky_init
 .text.pinky_move
                0x0800aa50      0x2c8 ..\obj\pinky.o
                0x0800aa50                pinky_move
 .text.pinky_change_skin
                0x0800ad18       0xe4 ..\obj\pinky.o
                0x0800ad18                pinky_change_skin
 .text.pinky_check_event
                0x0800adfc       0xb4 ..\obj\pinky.o
                0x0800adfc                pinky_check_event
 .text.pinky_calc_next_move
                0x0800aeb0      0x42c ..\obj\pinky.o
                0x0800aeb0                pinky_calc_next_move
 .text.menu_start
                0x0800b2dc      0x1b4 ..\obj\menu.o
                0x0800b2dc                menu_start
 .text.menu_redraw
                0x0800b490      0x154 ..\obj\menu.o
                0x0800b490                menu_redraw
 .text.menu_inc_value
                0x0800b5e4       0x30 ..\obj\menu.o
                0x0800b5e4                menu_inc_value
 .text.menu_dec_value
                0x0800b614       0x30 ..\obj\menu.o
                0x0800b614                menu_dec_value
 .text.UB_LCD_Init
                0x0800b644       0x78 ..\obj\stm32_ub_lcd_ili9341.o
                0x0800b644                UB_LCD_Init
 .text.UB_LCD_LayerInit_Fullscreen
                0x0800b6bc       0xb4 ..\obj\stm32_ub_lcd_ili9341.o
                0x0800b6bc                UB_LCD_LayerInit_Fullscreen
 .text.UB_LCD_SetLayer_1
                0x0800b770       0x24 ..\obj\stm32_ub_lcd_ili9341.o
                0x0800b770                UB_LCD_SetLayer_1
 .text.UB_LCD_SetLayer_2
                0x0800b794       0x24 ..\obj\stm32_ub_lcd_ili9341.o
                0x0800b794                UB_LCD_SetLayer_2
 .text.UB_LCD_FillLayer
                0x0800b7b8       0x40 ..\obj\stm32_ub_lcd_ili9341.o
                0x0800b7b8                UB_LCD_FillLayer
 .text.UB_LCD_SetTransparency
                0x0800b7f8       0x44 ..\obj\stm32_ub_lcd_ili9341.o
                0x0800b7f8                UB_LCD_SetTransparency
 .text.UB_LCD_SetCursor2Draw
                0x0800b83c       0x5c ..\obj\stm32_ub_lcd_ili9341.o
                0x0800b83c                UB_LCD_SetCursor2Draw
 .text.UB_LCD_DrawPixel
                0x0800b898       0xcc ..\obj\stm32_ub_lcd_ili9341.o
                0x0800b898                UB_LCD_DrawPixel
 .text.UB_LCD_Copy_Layer2_to_Layer1
                0x0800b964       0x48 ..\obj\stm32_ub_lcd_ili9341.o
                0x0800b964                UB_LCD_Copy_Layer2_to_Layer1
 .text.UB_LCD_Refresh
                0x0800b9ac       0x2c ..\obj\stm32_ub_lcd_ili9341.o
                0x0800b9ac                UB_LCD_Refresh
 .text.P_LCD9341_InitIO
                0x0800b9d8       0x6c ..\obj\stm32_ub_lcd_ili9341.o
                0x0800b9d8                P_LCD9341_InitIO
 .text.P_LCD9341_InitLTCD
                0x0800ba44       0x98 ..\obj\stm32_ub_lcd_ili9341.o
                0x0800ba44                P_LCD9341_InitLTCD
 .text.P_LCD9341_CS
                0x0800badc       0x2c ..\obj\stm32_ub_lcd_ili9341.o
                0x0800badc                P_LCD9341_CS
 .text.P_LCD9341_WRX
                0x0800bb08       0x30 ..\obj\stm32_ub_lcd_ili9341.o
                0x0800bb08                P_LCD9341_WRX
 .text.P_LCD9341_InitChip
                0x0800bb38      0x290 ..\obj\stm32_ub_lcd_ili9341.o
                0x0800bb38                P_LCD9341_InitChip
 .text.P_LCD9341_CMD
                0x0800bdc8       0x34 ..\obj\stm32_ub_lcd_ili9341.o
                0x0800bdc8                P_LCD9341_CMD
 .text.P_LCD9341_DATA
                0x0800bdfc       0x34 ..\obj\stm32_ub_lcd_ili9341.o
                0x0800bdfc                P_LCD9341_DATA
 .text.P_LCD9341_AFConfig
                0x0800be30      0x178 ..\obj\stm32_ub_lcd_ili9341.o
                0x0800be30                P_LCD9341_AFConfig
 .text.P_LCD9341_Delay
                0x0800bfa8       0x28 ..\obj\stm32_ub_lcd_ili9341.o
                0x0800bfa8                P_LCD9341_Delay
 .text.USBH_Connected
                0x0800bfd0       0x1c ..\obj\usbh_core.o
                0x0800bfd0                USBH_Connected
 .text.USBH_Disconnected
                0x0800bfec       0x1c ..\obj\usbh_core.o
                0x0800bfec                USBH_Disconnected
 .text.USBH_SOF
                0x0800c008       0x14 ..\obj\usbh_core.o
                0x0800c008                USBH_SOF
 .text.USBH_Init
                0x0800c01c       0x54 ..\obj\usbh_core.o
                0x0800c01c                USBH_Init
 .text.USBH_DeInit
                0x0800c070       0x60 ..\obj\usbh_core.o
                0x0800c070                USBH_DeInit
 .text.USBH_Process
                0x0800c0d0      0x254 ..\obj\usbh_core.o
                0x0800c0d0                USBH_Process
 .text.USBH_ErrorHandle
                0x0800c324       0x48 ..\obj\usbh_core.o
                0x0800c324                USBH_ErrorHandle
 .text.USBH_HandleEnum
                0x0800c36c      0x2e4 ..\obj\usbh_core.o
 .text.USBH_HandleControl
                0x0800c650      0x344 ..\obj\usbh_core.o
                0x0800c650                USBH_HandleControl
 .text.GPIO_Init
                0x0800c994      0x11c ..\obj\stm32f4xx_gpio.o
                0x0800c994                GPIO_Init
 .text.GPIO_SetBits
                0x0800cab0       0x1c ..\obj\stm32f4xx_gpio.o
                0x0800cab0                GPIO_SetBits
 .text.GPIO_ResetBits
                0x0800cacc       0x1c ..\obj\stm32f4xx_gpio.o
                0x0800cacc                GPIO_ResetBits
 .text.GPIO_PinAFConfig
                0x0800cae8       0x90 ..\obj\stm32f4xx_gpio.o
                0x0800cae8                GPIO_PinAFConfig
 .text.UB_Font_DrawChar
                0x0800cb78      0x14c ..\obj\stm32_ub_font.o
                0x0800cb78                UB_Font_DrawChar
 .text.UB_Font_DrawString
                0x0800ccc4       0x90 ..\obj\stm32_ub_font.o
                0x0800ccc4                UB_Font_DrawString
 .text.SystemInit
                0x0800cd54       0x5c ..\obj\system_stm32f4xx.o
                0x0800cd54                SystemInit
 .text.SetSysClock
                0x0800cdb0      0x128 ..\obj\system_stm32f4xx.o
 .text.UB_SPI5_Init
                0x0800ced8      0x1c0 ..\obj\stm32_ub_spi5.o
                0x0800ced8                UB_SPI5_Init
 .text.UB_SPI5_SendByte
                0x0800d098       0x54 ..\obj\stm32_ub_spi5.o
                0x0800d098                UB_SPI5_SendByte
 .text.USBH_USR_Init
                0x0800d0ec        0xc ..\obj\usbh_usr.o
                0x0800d0ec                USBH_USR_Init
 .text.USBH_USR_DeviceAttached
                0x0800d0f8       0x18 ..\obj\usbh_usr.o
                0x0800d0f8                USBH_USR_DeviceAttached
 .text.USBH_USR_UnrecoveredError
                0x0800d110       0x18 ..\obj\usbh_usr.o
                0x0800d110                USBH_USR_UnrecoveredError
 .text.USBH_USR_DeviceDisconnected
                0x0800d128       0x18 ..\obj\usbh_usr.o
                0x0800d128                USBH_USR_DeviceDisconnected
 .text.USBH_USR_ResetDevice
                0x0800d140        0xc ..\obj\usbh_usr.o
                0x0800d140                USBH_USR_ResetDevice
 .text.USBH_USR_DeviceSpeedDetected
                0x0800d14c       0x34 ..\obj\usbh_usr.o
                0x0800d14c                USBH_USR_DeviceSpeedDetected
 .text.USBH_USR_Device_DescAvailable
                0x0800d180       0x14 ..\obj\usbh_usr.o
                0x0800d180                USBH_USR_Device_DescAvailable
 .text.USBH_USR_DeviceAddressAssigned
                0x0800d194        0xc ..\obj\usbh_usr.o
                0x0800d194                USBH_USR_DeviceAddressAssigned
 .text.USBH_USR_Configuration_DescAvailable
                0x0800d1a0       0x18 ..\obj\usbh_usr.o
                0x0800d1a0                USBH_USR_Configuration_DescAvailable
 .text.USBH_USR_Manufacturer_String
                0x0800d1b8       0x14 ..\obj\usbh_usr.o
                0x0800d1b8                USBH_USR_Manufacturer_String
 .text.USBH_USR_Product_String
                0x0800d1cc       0x14 ..\obj\usbh_usr.o
                0x0800d1cc                USBH_USR_Product_String
 .text.USBH_USR_SerialNum_String
                0x0800d1e0       0x14 ..\obj\usbh_usr.o
                0x0800d1e0                USBH_USR_SerialNum_String
 .text.USBH_USR_EnumerationDone
                0x0800d1f4       0x18 ..\obj\usbh_usr.o
                0x0800d1f4                USBH_USR_EnumerationDone
 .text.USBH_USR_DeviceNotSupported
                0x0800d20c       0x18 ..\obj\usbh_usr.o
                0x0800d20c                USBH_USR_DeviceNotSupported
 .text.USBH_USR_UserInput
                0x0800d224       0x2c ..\obj\usbh_usr.o
                0x0800d224                USBH_USR_UserInput
 .text.USBH_USR_OverCurrentDetected
                0x0800d250       0x18 ..\obj\usbh_usr.o
                0x0800d250                USBH_USR_OverCurrentDetected
 .text.USBH_USR_DeInit
                0x0800d268       0x18 ..\obj\usbh_usr.o
                0x0800d268                USBH_USR_DeInit
 .text.USR_MOUSE_Init
                0x0800d280       0x58 ..\obj\usbh_usr.o
                0x0800d280                USR_MOUSE_Init
 .text.USR_MOUSE_ProcessData
                0x0800d2d8       0x98 ..\obj\usbh_usr.o
                0x0800d2d8                USR_MOUSE_ProcessData
 .text.USR_KEYBRD_Init
                0x0800d370       0x38 ..\obj\usbh_usr.o
                0x0800d370                USR_KEYBRD_Init
 .text.USR_UB_KEYBRD_ProcessData
                0x0800d3a8       0x4c ..\obj\usbh_usr.o
                0x0800d3a8                USR_UB_KEYBRD_ProcessData
 .text.HID_MOUSE_UpdatePosition
                0x0800d3f4       0xdc ..\obj\usbh_usr.o
                0x0800d3f4                HID_MOUSE_UpdatePosition
 .text.HID_MOUSE_ButtonPressed
                0x0800d4d0       0x48 ..\obj\usbh_usr.o
                0x0800d4d0                HID_MOUSE_ButtonPressed
 .text.HID_MOUSE_ButtonReleased
                0x0800d518       0x48 ..\obj\usbh_usr.o
                0x0800d518                HID_MOUSE_ButtonReleased
 .text.USB_OTG_BSP_Init
                0x0800d560       0x78 ..\obj\usb_bsp.o
                0x0800d560                USB_OTG_BSP_Init
 .text.USB_OTG_BSP_EnableInterrupt
                0x0800d5d8       0x2c ..\obj\usb_bsp.o
                0x0800d5d8                USB_OTG_BSP_EnableInterrupt
 .text.USB_OTG_BSP_DriveVBUS
                0x0800d604       0x30 ..\obj\usb_bsp.o
                0x0800d604                USB_OTG_BSP_DriveVBUS
 .text.USB_OTG_BSP_ConfigVBUS
                0x0800d634       0x4c ..\obj\usb_bsp.o
                0x0800d634                USB_OTG_BSP_ConfigVBUS
 .text.USB_OTG_BSP_uDelay
                0x0800d680       0x44 ..\obj\usb_bsp.o
                0x0800d680                USB_OTG_BSP_uDelay
 .text.USB_OTG_BSP_mDelay
                0x0800d6c4       0x20 ..\obj\usb_bsp.o
                0x0800d6c4                USB_OTG_BSP_mDelay
 .text.OTG_HS_IRQHandler
                0x0800d6e4       0x14 ..\obj\usb_bsp.o
                0x0800d6e4                OTG_HS_IRQHandler
 .text.FMC_SDRAMInit
                0x0800d6f8      0x15c ..\obj\stm32f4xx_fmc.o
                0x0800d6f8                FMC_SDRAMInit
 .text.FMC_SDRAMCmdConfig
                0x0800d854       0x40 ..\obj\stm32f4xx_fmc.o
                0x0800d854                FMC_SDRAMCmdConfig
 .text.FMC_SetRefreshCount
                0x0800d894       0x24 ..\obj\stm32f4xx_fmc.o
                0x0800d894                FMC_SetRefreshCount
 .text.FMC_GetFlagStatus
                0x0800d8b8       0x78 ..\obj\stm32f4xx_fmc.o
                0x0800d8b8                FMC_GetFlagStatus
 .text.clyde_init
                0x0800d930       0xa8 ..\obj\clyde.o
                0x0800d930                clyde_init
 .text.clyde_move
                0x0800d9d8      0x2c8 ..\obj\clyde.o
                0x0800d9d8                clyde_move
 .text.clyde_change_skin
                0x0800dca0       0xe4 ..\obj\clyde.o
                0x0800dca0                clyde_change_skin
 .text.clyde_check_event
                0x0800dd84       0xb4 ..\obj\clyde.o
                0x0800dd84                clyde_check_event
 .text.clyde_calc_next_move
                0x0800de38      0x42c ..\obj\clyde.o
                0x0800de38                clyde_calc_next_move
 .text.HCD_Init
                0x0800e264       0x8c ..\obj\usb_hcd.o
                0x0800e264                HCD_Init
 .text.HCD_GetCurrentSpeed
                0x0800e2f0       0x24 ..\obj\usb_hcd.o
                0x0800e2f0                HCD_GetCurrentSpeed
 .text.HCD_ResetPort
                0x0800e314       0x18 ..\obj\usb_hcd.o
                0x0800e314                HCD_ResetPort
 .text.HCD_IsDeviceConnected
                0x0800e32c       0x18 ..\obj\usb_hcd.o
                0x0800e32c                HCD_IsDeviceConnected
 .text.HCD_GetCurrentFrame
                0x0800e344       0x1c ..\obj\usb_hcd.o
                0x0800e344                HCD_GetCurrentFrame
 .text.HCD_GetURB_State
                0x0800e360       0x24 ..\obj\usb_hcd.o
                0x0800e360                HCD_GetURB_State
 .text.HCD_SubmitRequest
                0x0800e384       0x3c ..\obj\usb_hcd.o
                0x0800e384                HCD_SubmitRequest
 .text.SPI_I2S_DeInit
                0x0800e3c0       0xdc ..\obj\stm32f4xx_spi.o
                0x0800e3c0                SPI_I2S_DeInit
 .text.SPI_Init
                0x0800e49c       0x88 ..\obj\stm32f4xx_spi.o
                0x0800e49c                SPI_Init
 .text.SPI_Cmd  0x0800e524       0x40 ..\obj\stm32f4xx_spi.o
                0x0800e524                SPI_Cmd
 .text.SPI_I2S_ReceiveData
                0x0800e564       0x18 ..\obj\stm32f4xx_spi.o
                0x0800e564                SPI_I2S_ReceiveData
 .text.SPI_I2S_SendData
                0x0800e57c       0x1c ..\obj\stm32f4xx_spi.o
                0x0800e57c                SPI_I2S_SendData
 .text.SPI_I2S_GetFlagStatus
                0x0800e598       0x38 ..\obj\stm32f4xx_spi.o
                0x0800e598                SPI_I2S_GetFlagStatus
 .text.I2C_DeInit
                0x0800e5d0       0x74 ..\obj\stm32f4xx_i2c.o
                0x0800e5d0                I2C_DeInit
 .text.I2C_Init
                0x0800e644      0x184 ..\obj\stm32f4xx_i2c.o
                0x0800e644                I2C_Init
 .text.I2C_Cmd  0x0800e7c8       0x40 ..\obj\stm32f4xx_i2c.o
                0x0800e7c8                I2C_Cmd
 .text.I2C_GenerateSTART
                0x0800e808       0x40 ..\obj\stm32f4xx_i2c.o
                0x0800e808                I2C_GenerateSTART
 .text.I2C_GenerateSTOP
                0x0800e848       0x40 ..\obj\stm32f4xx_i2c.o
                0x0800e848                I2C_GenerateSTOP
 .text.I2C_Send7bitAddress
                0x0800e888       0x3c ..\obj\stm32f4xx_i2c.o
                0x0800e888                I2C_Send7bitAddress
 .text.I2C_AcknowledgeConfig
                0x0800e8c4       0x40 ..\obj\stm32f4xx_i2c.o
                0x0800e8c4                I2C_AcknowledgeConfig
 .text.I2C_SoftwareResetCmd
                0x0800e904       0x44 ..\obj\stm32f4xx_i2c.o
                0x0800e904                I2C_SoftwareResetCmd
 .text.I2C_SendData
                0x0800e948       0x20 ..\obj\stm32f4xx_i2c.o
                0x0800e948                I2C_SendData
 .text.I2C_ReceiveData
                0x0800e968       0x1c ..\obj\stm32f4xx_i2c.o
                0x0800e968                I2C_ReceiveData
 .text.I2C_GetFlagStatus
                0x0800e984       0x64 ..\obj\stm32f4xx_i2c.o
                0x0800e984                I2C_GetFlagStatus
 .text.USBH_CtlReq
                0x0800e9e8       0x84 ..\obj\usbh_ioreq.o
                0x0800e9e8                USBH_CtlReq
 .text.USBH_CtlSendSetup
                0x0800ea6c       0x68 ..\obj\usbh_ioreq.o
                0x0800ea6c                USBH_CtlSendSetup
 .text.USBH_CtlSendData
                0x0800ead4       0xac ..\obj\usbh_ioreq.o
                0x0800ead4                USBH_CtlSendData
 .text.USBH_CtlReceiveData
                0x0800eb80       0x70 ..\obj\usbh_ioreq.o
                0x0800eb80                USBH_CtlReceiveData
 .text.USBH_InterruptReceiveData
                0x0800ebf0       0xb8 ..\obj\usbh_ioreq.o
                0x0800ebf0                USBH_InterruptReceiveData
 .text.USBH_SubmitSetupRequest
                0x0800eca8       0x3c ..\obj\usbh_ioreq.o
 .text.NVIC_Init
                0x0800ece4       0xc0 ..\obj\misc.o
                0x0800ece4                NVIC_Init
 .text.UB_Touch_Init
                0x0800eda4       0x40 ..\obj\stm32_ub_touch_stmpe811.o
                0x0800eda4                UB_Touch_Init
 .text.UB_Touch_Read
                0x0800ede4      0x104 ..\obj\stm32_ub_touch_stmpe811.o
                0x0800ede4                UB_Touch_Read
 .text.P_Touch_Reset
                0x0800eee8       0x28 ..\obj\stm32_ub_touch_stmpe811.o
                0x0800eee8                P_Touch_Reset
 .text.P_Touch_FnctCmd
                0x0800ef10       0x68 ..\obj\stm32_ub_touch_stmpe811.o
                0x0800ef10                P_Touch_FnctCmd
 .text.P_Touch_Config
                0x0800ef78       0x9c ..\obj\stm32_ub_touch_stmpe811.o
                0x0800ef78                P_Touch_Config
 .text.P_Touch_ReadID
                0x0800f014       0x5c ..\obj\stm32_ub_touch_stmpe811.o
                0x0800f014                P_Touch_ReadID
 .text.P_Touch_IOAFConfig
                0x0800f070       0x68 ..\obj\stm32_ub_touch_stmpe811.o
                0x0800f070                P_Touch_IOAFConfig
 .text.P_Touch_Read_X
                0x0800f0d8       0x68 ..\obj\stm32_ub_touch_stmpe811.o
 .text.P_Touch_Read_Y
                0x0800f140       0x54 ..\obj\stm32_ub_touch_stmpe811.o
 .text.P_Touch_Read_16b
                0x0800f194       0x64 ..\obj\stm32_ub_touch_stmpe811.o
                0x0800f194                P_Touch_Read_16b
 .text.KEYBRD_Init
                0x0800f1f8        0xc ..\obj\usbh_hid_keybd.o
 .text.KEYBRD_Decode
                0x0800f204      0x220 ..\obj\usbh_hid_keybd.o
 .text.USBH_OTG_ISR_Handler
                0x0800f424      0x10c ..\obj\usb_hcd_int.o
                0x0800f424                USBH_OTG_ISR_Handler
 .text.USB_OTG_USBH_handle_hc_ISR
                0x0800f530       0x8c ..\obj\usb_hcd_int.o
 .text.USB_OTG_USBH_handle_sof_ISR
                0x0800f5bc       0x34 ..\obj\usb_hcd_int.o
 .text.USB_OTG_USBH_handle_Disconnect_ISR
                0x0800f5f0       0x34 ..\obj\usb_hcd_int.o
 .text.USB_OTG_USBH_handle_nptxfempty_ISR
                0x0800f624      0x188 ..\obj\usb_hcd_int.o
 .text.USB_OTG_USBH_handle_ptxfempty_ISR
                0x0800f7ac      0x188 ..\obj\usb_hcd_int.o
 .text.USB_OTG_USBH_handle_port_ISR
                0x0800f934      0x164 ..\obj\usb_hcd_int.o
 .text.USB_OTG_USBH_handle_hc_n_Out_ISR
                0x0800fa98      0x550 ..\obj\usb_hcd_int.o
 .text.USB_OTG_USBH_handle_hc_n_In_ISR
                0x0800ffe8      0x5b0 ..\obj\usb_hcd_int.o
 .text.USB_OTG_USBH_handle_rx_qlvl_ISR
                0x08010598      0x198 ..\obj\usb_hcd_int.o
 .text.USB_OTG_USBH_handle_IncompletePeriodicXfer_ISR
                0x08010730       0x4c ..\obj\usb_hcd_int.o
 .text.srand    0x0801077c       0x14 c:/program files (x86)/gnu tools arm embedded/5.4 2016q3/bin/../lib/gcc/arm-none-eabi/5.4.1/../../../../arm-none-eabi/lib/armv7e-m\libg.a(lib_a-rand.o)
                0x0801077c                srand
 .text.rand     0x08010790       0x40 c:/program files (x86)/gnu tools arm embedded/5.4 2016q3/bin/../lib/gcc/arm-none-eabi/5.4.1/../../../../arm-none-eabi/lib/armv7e-m\libg.a(lib_a-rand.o)
                0x08010790                rand
 *(.glue_7t)
 .glue_7t       0x080107d0        0x0 linker stubs
 *(.glue_7)
 .glue_7        0x080107d0        0x0 linker stubs
 *(.rodata .rodata* .gnu.linkonce.r.*)
 .rodata        0x080107d0       0x7f ..\obj\pacman.o
 *fill*         0x0801084f        0x1 
 .rodata        0x08010850       0x56 ..\obj\gui.o
 *fill*         0x080108a6        0x2 
 .rodata        0x080108a8      0x76c ..\obj\ub_font_arial_7x10.o
                0x080108a8                Arial_7x10_Table
 .rodata        0x08011014       0x64 ..\obj\menu.o
 .rodata        0x08011078        0x4 ..\obj\usbh_core.o
 .rodata        0x0801107c     0x8408 ..\obj\Skin1.o
                0x0801107c                Skin1_Table
 .rodata        0x08019484      0x1ee ..\obj\usbh_hid_keybd.o

.vfp11_veneer   0x08019674        0x0
 .vfp11_veneer  0x08019674        0x0 linker stubs

.v4_bx          0x08019674        0x0
 .v4_bx         0x08019674        0x0 linker stubs

.iplt           0x08019674        0x0
 .iplt          0x08019674        0x0 ..\obj\blinky.o

.rel.dyn        0x08019674        0x0
 .rel.iplt      0x08019674        0x0 ..\obj\blinky.o

.ARM.extab
 *(.ARM.extab* .gnu.linkonce.armextab.*)
                0x08019674                __exidx_start = .

.ARM.exidx
 *(.ARM.exidx* .gnu.linkonce.armexidx.*)
                0x08019674                __exidx_end = .
                0x08019674                . = ALIGN (0x4)
                0x08019674                _etext = .
                0x08019674                _sidata = .

.data           0x20000000      0x6a4 load address 0x08019674
                0x20000000                _sdata = .
 *(.data .data.*)
 .data          0x20000000       0x20 ..\obj\stm32_ub_i2c3.o
                0x20000000                I2C3DEV
 .data          0x20000020       0xc8 ..\obj\pacman.o
                0x20000020                Level
 .data          0x200000e8        0x8 ..\obj\usbh_hid_mouse.o
                0x200000e8                HID_MOUSE_cb
 .data          0x200000f0        0xc ..\obj\gui.o
 .data          0x200000fc       0x10 ..\obj\stm32f4xx_rcc.o
 *fill*         0x2000010c        0x4 
 .data          0x20000110      0x42c ..\obj\printf.o
                0x20000110                r
                0x20000538                _impure_ptr
 .data          0x2000053c       0x10 ..\obj\usbh_hid_core.o
                0x2000053c                HID_cb
 .data          0x2000054c       0x50 ..\obj\stm32_ub_button.o
                0x2000054c                BUTTON
 .data          0x2000059c        0x8 ..\obj\ub_font_arial_7x10.o
                0x2000059c                Arial_7x10
 .data          0x200005a4       0x38 ..\obj\stm32_ub_uart.o
                0x200005a4                UART
 .data          0x200005dc       0x2e ..\obj\menu.o
                0x200005dc                connected
                0x200005f4                disconnected
 *fill*         0x2000060a        0x2 
 .data          0x2000060c       0x10 ..\obj\usbh_core.o
                0x2000060c                USBH_HCD_INT_cb
                0x20000618                USBH_HCD_INT_fops
 .data          0x2000061c        0x8 ..\obj\Skin1.o
                0x2000061c                Skin1
 .data          0x20000624       0x30 ..\obj\stm32_ub_spi5.o
                0x20000624                SPI5DEV
 .data          0x20000654       0x48 ..\obj\usbh_usr.o
                0x20000654                USR_Callbacks
 .data          0x2000069c        0x8 ..\obj\usbh_hid_keybd.o
                0x2000069c                HID_KEYBRD_cb
                0x200006a4                . = ALIGN (0x4)
                0x200006a4                _edata = .

.igot.plt       0x200006a4        0x0 load address 0x08019d18
 .igot.plt      0x200006a4        0x0 ..\obj\blinky.o

.bss            0x200006a4     0x5f84 load address 0x08019d18
                0x200006a4                _sbss = .
 *(.bss .bss.*)
 .bss           0x200006a4        0x1 ..\obj\stm32_ub_sdram.o
 *fill*         0x200006a5        0x3 
 .bss           0x200006a8        0x4 ..\obj\stm32_ub_usb_hid_host.o
 .bss           0x200006ac        0x1 ..\obj\stm32_ub_i2c3.o
 *fill*         0x200006ad        0x1 
 .bss           0x200006ae        0x4 ..\obj\usbh_stdreq.o
 *fill*         0x200006b2        0x2 
 .bss           0x200006b4        0x4 ..\obj\stm32_ub_systick.o
 .bss           0x200006b8        0x1 ..\obj\usbh_hid_core.o
                0x200006b8                start_toggle
 *fill*         0x200006b9        0x3 
 .bss           0x200006bc       0x18 ..\obj\menu.o
                0x200006bc                key
                0x200006d0                isConnected
 .bss           0x200006d4        0x8 ..\obj\stm32_ub_lcd_ili9341.o
 .bss           0x200006dc        0x2 ..\obj\usbh_core.o
 .bss           0x200006de        0x2 ..\obj\stm32_ub_spi5.o
 .bss           0x200006e0        0x7 ..\obj\usbh_usr.o
                0x200006e0                akt_xp
                0x200006e2                akt_yp
 *fill*         0x200006e7        0x1 
 .bss           0x200006e8        0x8 ..\obj\stm32_ub_touch_stmpe811.o
 .bss           0x200006f0       0x13 ..\obj\usbh_hid_keybd.o
 *(COMMON)
 *fill*         0x20000703        0x1 
 COMMON         0x20000704     0x563d ..\obj\blinky.o
                0x20000704                Pinky_Skin
                0x2000075c                LCD_CurrentLayer
                0x20000760                Clyde_Systic_Timer_ms
                0x20000764                Room_Skin
                0x200008a4                Inky_Systic_Timer_ms
                0x200008a8                LCD_DISPLAY_MODE
                0x200008ac                hid_new_maus_data
                0x200008b0                Gui_Touch_Timer_ms
                0x200008b4                USB_MOUSE_DATA
                0x200008bc                USB_HID_HOST_STATUS
                0x200008c0                keyboard_timer
                0x200008c4                LCD_CurrentOrientation
                0x200008c8                Inky_Skin
                0x20000920                Mode_Systic_Timer_ms
                0x20000924                Game
                0x20000948                Button_Skin
                0x20000958                GUI
                0x20000960                akt_usb_status
                0x20000964                Player_Skin
                0x200009ac                Maze
                0x20005b10                Touch_Data
                0x20005b18                Clyde_Skin
                0x20005b70                Blinky_Systic_Timer_ms
                0x20005b74                Pinky_Systic_Timer_ms
                0x20005b78                Player
                0x20005bb4                UART_RX
                0x20005be8                Clyde
                0x20005c24                Inky
                0x20005c60                hid_autoconnect
                0x20005c64                Blinky
                0x20005ca0                LCD_CurrentFrameBuffer
                0x20005ca4                Pinky
                0x20005ce0                Blinky_Skin
                0x20005d38                Player_Systick_Timer_ms
                0x20005d3c                USB_KEY_DATA
 *fill*         0x20005d41        0x3 
 COMMON         0x20005d44      0x630 ..\obj\stm32_ub_usb_hid_host.o
                0x20005d44                USB_OTG_Core_dev
                0x200062f0                USB_Host
 COMMON         0x20006374      0x200 ..\obj\usbh_stdreq.o
                0x20006374                USBH_CfgDesc
 COMMON         0x20006574        0x4 ..\obj\usbh_hid_mouse.o
                0x20006574                HID_MOUSE_Data
 COMMON         0x20006578       0xb0 ..\obj\usbh_hid_core.o
                0x20006578                HID_Report
                0x200065c0                HID_Machine
                0x20006614                HID_Desc
                0x20006620                HID_Setup
                0x20006628                . = ALIGN (0x4)
                0x20006628                _ebss = .

.co_stack       0x20006628      0x800 load address 0x0801fc9c
                0x20006628                . = ALIGN (0x8)
 *(.co_stack .co_stack.*)
 .co_stack      0x20006628      0x800 ..\obj\startup_stm32f4xx.o
                0x20006628                pulStack
                0x20006e28                . = ALIGN (0x4)
                0x20006e28                _end = .
LOAD ..\obj\blinky.o
LOAD ..\obj\inky.o
LOAD ..\obj\usb_core.o
LOAD ..\obj\stm32_ub_sdram.o
LOAD ..\obj\stm32_ub_usb_hid_host.o
LOAD ..\obj\stm32f4xx_dma2d.o
LOAD ..\obj\bot.o
LOAD ..\obj\stm32_ub_i2c3.o
LOAD ..\obj\usbh_hcs.o
LOAD ..\obj\stm32f4xx_usart.o
LOAD ..\obj\usbh_stdreq.o
LOAD ..\obj\skin.o
LOAD ..\obj\pacman.o
LOAD ..\obj\stm32f4xx_ltdc.o
LOAD ..\obj\startup_stm32f4xx.o
LOAD ..\obj\usbh_hid_mouse.o
LOAD ..\obj\gui.o
LOAD ..\obj\main.o
LOAD ..\obj\stm32f4xx_rcc.o
LOAD ..\obj\player.o
LOAD ..\obj\stm32_ub_systick.o
LOAD ..\obj\printf.o
LOAD ..\obj\usbh_hid_core.o
LOAD ..\obj\maze_generate.o
LOAD ..\obj\stm32_ub_button.o
LOAD ..\obj\ub_font_arial_7x10.o
LOAD ..\obj\stm32_ub_uart.o
LOAD ..\obj\maze.o
LOAD ..\obj\stm32_ub_graphic2d.o
LOAD ..\obj\pinky.o
LOAD ..\obj\menu.o
LOAD ..\obj\stm32_ub_lcd_ili9341.o
LOAD ..\obj\usbh_core.o
LOAD ..\obj\stm32f4xx_gpio.o
LOAD ..\obj\stm32_ub_font.o
LOAD ..\obj\Skin1.o
LOAD ..\obj\system_stm32f4xx.o
LOAD ..\obj\syscalls.o
LOAD ..\obj\stm32_ub_spi5.o
LOAD ..\obj\usbh_usr.o
LOAD ..\obj\usb_bsp.o
LOAD ..\obj\stm32f4xx_fmc.o
LOAD ..\obj\clyde.o
LOAD ..\obj\usb_hcd.o
LOAD ..\obj\stm32f4xx_spi.o
LOAD ..\obj\stm32f4xx_i2c.o
LOAD ..\obj\usbh_ioreq.o
LOAD ..\obj\misc.o
LOAD ..\obj\stm32_ub_touch_stmpe811.o
LOAD ..\obj\usbh_hid_keybd.o
LOAD ..\obj\stm32f4xx_tim.o
LOAD ..\obj\usb_hcd_int.o
START GROUP
LOAD c:/program files (x86)/gnu tools arm embedded/5.4 2016q3/bin/../lib/gcc/arm-none-eabi/5.4.1/armv7e-m\libgcc.a
LOAD c:/program files (x86)/gnu tools arm embedded/5.4 2016q3/bin/../lib/gcc/arm-none-eabi/5.4.1/../../../../arm-none-eabi/lib/armv7e-m\libg.a
LOAD c:/program files (x86)/gnu tools arm embedded/5.4 2016q3/bin/../lib/gcc/arm-none-eabi/5.4.1/../../../../arm-none-eabi/lib/armv7e-m\libc.a
END GROUP
OUTPUT(stm32f429.elf elf32-littlearm)

.debug_info     0x00000000    0x215b8
 .debug_info    0x00000000      0x9e2 ..\obj\blinky.o
 .debug_info    0x000009e2      0x9e2 ..\obj\inky.o
 .debug_info    0x000013c4     0x1ee3 ..\obj\usb_core.o
 .debug_info    0x000032a7      0x73c ..\obj\stm32_ub_sdram.o
 .debug_info    0x000039e3     0x141e ..\obj\stm32_ub_usb_hid_host.o
 .debug_info    0x00004e01      0x821 ..\obj\stm32f4xx_dma2d.o
 .debug_info    0x00005622      0xdb7 ..\obj\bot.o
 .debug_info    0x000063d9      0x630 ..\obj\stm32_ub_i2c3.o
 .debug_info    0x00006a09      0xace ..\obj\usbh_hcs.o
 .debug_info    0x000074d7      0x9ca ..\obj\stm32f4xx_usart.o
 .debug_info    0x00007ea1     0x172d ..\obj\usbh_stdreq.o
 .debug_info    0x000095ce      0x4b9 ..\obj\skin.o
 .debug_info    0x00009a87      0xa81 ..\obj\pacman.o
 .debug_info    0x0000a508      0xd00 ..\obj\stm32f4xx_ltdc.o
 .debug_info    0x0000b208       0xf2 ..\obj\startup_stm32f4xx.o
 .debug_info    0x0000b2fa      0x193 ..\obj\usbh_hid_mouse.o
 .debug_info    0x0000b48d     0x10e0 ..\obj\gui.o
 .debug_info    0x0000c56d      0x8b6 ..\obj\main.o
 .debug_info    0x0000ce23      0xe27 ..\obj\stm32f4xx_rcc.o
 .debug_info    0x0000dc4a      0x9c8 ..\obj\player.o
 .debug_info    0x0000e612      0x9c0 ..\obj\stm32_ub_systick.o
 .debug_info    0x0000efd2      0xe4a ..\obj\printf.o
 .debug_info    0x0000fe1c     0x180c ..\obj\usbh_hid_core.o
 .debug_info    0x00011628      0x806 ..\obj\maze_generate.o
 .debug_info    0x00011e2e      0x409 ..\obj\stm32_ub_button.o
 .debug_info    0x00012237      0x123 ..\obj\ub_font_arial_7x10.o
 .debug_info    0x0001235a      0xb37 ..\obj\stm32_ub_uart.o
 .debug_info    0x00012e91      0x488 ..\obj\maze.o
 .debug_info    0x00013319      0x904 ..\obj\stm32_ub_graphic2d.o
 .debug_info    0x00013c1d      0x9e2 ..\obj\pinky.o
 .debug_info    0x000145ff      0xa51 ..\obj\menu.o
 .debug_info    0x00015050      0x9b9 ..\obj\stm32_ub_lcd_ili9341.o
 .debug_info    0x00015a09     0x14a9 ..\obj\usbh_core.o
 .debug_info    0x00016eb2      0x61d ..\obj\stm32f4xx_gpio.o
 .debug_info    0x000174cf      0x41b ..\obj\stm32_ub_font.o
 .debug_info    0x000178ea      0x1a2 ..\obj\Skin1.o
 .debug_info    0x00017a8c      0x5ef ..\obj\system_stm32f4xx.o
 .debug_info    0x0001807b      0x5f9 ..\obj\stm32_ub_spi5.o
 .debug_info    0x00018674      0x917 ..\obj\usbh_usr.o
 .debug_info    0x00018f8b      0xeb1 ..\obj\usb_bsp.o
 .debug_info    0x00019e3c      0xc8e ..\obj\stm32f4xx_fmc.o
 .debug_info    0x0001aaca      0x9e2 ..\obj\clyde.o
 .debug_info    0x0001b4ac      0xc21 ..\obj\usb_hcd.o
 .debug_info    0x0001c0cd      0xb29 ..\obj\stm32f4xx_spi.o
 .debug_info    0x0001cbf6      0xb93 ..\obj\stm32f4xx_i2c.o
 .debug_info    0x0001d789     0x1528 ..\obj\usbh_ioreq.o
 .debug_info    0x0001ecb1      0x556 ..\obj\misc.o
 .debug_info    0x0001f207      0x412 ..\obj\stm32_ub_touch_stmpe811.o
 .debug_info    0x0001f619      0x283 ..\obj\usbh_hid_keybd.o
 .debug_info    0x0001f89c     0x1d1c ..\obj\usb_hcd_int.o

.debug_abbrev   0x00000000     0x4eaf
 .debug_abbrev  0x00000000      0x17c ..\obj\blinky.o
 .debug_abbrev  0x0000017c      0x17c ..\obj\inky.o
 .debug_abbrev  0x000002f8      0x2ee ..\obj\usb_core.o
 .debug_abbrev  0x000005e6      0x1d5 ..\obj\stm32_ub_sdram.o
 .debug_abbrev  0x000007bb      0x1dd ..\obj\stm32_ub_usb_hid_host.o
 .debug_abbrev  0x00000998      0x1a8 ..\obj\stm32f4xx_dma2d.o
 .debug_abbrev  0x00000b40      0x19f ..\obj\bot.o
 .debug_abbrev  0x00000cdf      0x1c1 ..\obj\stm32_ub_i2c3.o
 .debug_abbrev  0x00000ea0      0x171 ..\obj\usbh_hcs.o
 .debug_abbrev  0x00001011      0x157 ..\obj\stm32f4xx_usart.o
 .debug_abbrev  0x00001168      0x263 ..\obj\usbh_stdreq.o
 .debug_abbrev  0x000013cb      0x112 ..\obj\skin.o
 .debug_abbrev  0x000014dd      0x1bf ..\obj\pacman.o
 .debug_abbrev  0x0000169c      0x190 ..\obj\stm32f4xx_ltdc.o
 .debug_abbrev  0x0000182c       0xb0 ..\obj\startup_stm32f4xx.o
 .debug_abbrev  0x000018dc       0xe8 ..\obj\usbh_hid_mouse.o
 .debug_abbrev  0x000019c4      0x1d0 ..\obj\gui.o
 .debug_abbrev  0x00001b94       0xed ..\obj\main.o
 .debug_abbrev  0x00001c81      0x1bc ..\obj\stm32f4xx_rcc.o
 .debug_abbrev  0x00001e3d      0x171 ..\obj\player.o
 .debug_abbrev  0x00001fae      0x1ed ..\obj\stm32_ub_systick.o
 .debug_abbrev  0x0000219b      0x287 ..\obj\printf.o
 .debug_abbrev  0x00002422      0x256 ..\obj\usbh_hid_core.o
 .debug_abbrev  0x00002678      0x1cd ..\obj\maze_generate.o
 .debug_abbrev  0x00002845      0x14f ..\obj\stm32_ub_button.o
 .debug_abbrev  0x00002994       0x9a ..\obj\ub_font_arial_7x10.o
 .debug_abbrev  0x00002a2e      0x1e2 ..\obj\stm32_ub_uart.o
 .debug_abbrev  0x00002c10       0xe9 ..\obj\maze.o
 .debug_abbrev  0x00002cf9      0x1b1 ..\obj\stm32_ub_graphic2d.o
 .debug_abbrev  0x00002eaa      0x17c ..\obj\pinky.o
 .debug_abbrev  0x00003026      0x164 ..\obj\menu.o
 .debug_abbrev  0x0000318a      0x1e4 ..\obj\stm32_ub_lcd_ili9341.o
 .debug_abbrev  0x0000336e      0x23c ..\obj\usbh_core.o
 .debug_abbrev  0x000035aa      0x1a7 ..\obj\stm32f4xx_gpio.o
 .debug_abbrev  0x00003751       0xfa ..\obj\stm32_ub_font.o
 .debug_abbrev  0x0000384b       0xc3 ..\obj\Skin1.o
 .debug_abbrev  0x0000390e      0x138 ..\obj\system_stm32f4xx.o
 .debug_abbrev  0x00003a46      0x14d ..\obj\stm32_ub_spi5.o
 .debug_abbrev  0x00003b93      0x1e8 ..\obj\usbh_usr.o
 .debug_abbrev  0x00003d7b      0x1d5 ..\obj\usb_bsp.o
 .debug_abbrev  0x00003f50      0x181 ..\obj\stm32f4xx_fmc.o
 .debug_abbrev  0x000040d1      0x17c ..\obj\clyde.o
 .debug_abbrev  0x0000424d      0x193 ..\obj\usb_hcd.o
 .debug_abbrev  0x000043e0      0x169 ..\obj\stm32f4xx_spi.o
 .debug_abbrev  0x00004549      0x166 ..\obj\stm32f4xx_i2c.o
 .debug_abbrev  0x000046af      0x1cc ..\obj\usbh_ioreq.o
 .debug_abbrev  0x0000487b      0x147 ..\obj\misc.o
 .debug_abbrev  0x000049c2      0x190 ..\obj\stm32_ub_touch_stmpe811.o
 .debug_abbrev  0x00004b52      0x110 ..\obj\usbh_hid_keybd.o
 .debug_abbrev  0x00004c62      0x24d ..\obj\usb_hcd_int.o

.debug_aranges  0x00000000     0x16d0
 .debug_aranges
                0x00000000       0x40 ..\obj\blinky.o
 .debug_aranges
                0x00000040       0x40 ..\obj\inky.o
 .debug_aranges
                0x00000080      0x100 ..\obj\usb_core.o
 .debug_aranges
                0x00000180       0x80 ..\obj\stm32_ub_sdram.o
 .debug_aranges
                0x00000200       0x40 ..\obj\stm32_ub_usb_hid_host.o
 .debug_aranges
                0x00000240       0xb0 ..\obj\stm32f4xx_dma2d.o
 .debug_aranges
                0x000002f0       0x68 ..\obj\bot.o
 .debug_aranges
                0x00000358       0x48 ..\obj\stm32_ub_i2c3.o
 .debug_aranges
                0x000003a0       0x48 ..\obj\usbh_hcs.o
 .debug_aranges
                0x000003e8      0x100 ..\obj\stm32f4xx_usart.o
 .debug_aranges
                0x000004e8       0x88 ..\obj\usbh_stdreq.o
 .debug_aranges
                0x00000570       0x40 ..\obj\skin.o
 .debug_aranges
                0x000005b0       0x48 ..\obj\pacman.o
 .debug_aranges
                0x000005f8      0x108 ..\obj\stm32f4xx_ltdc.o
 .debug_aranges
                0x00000700       0x28 ..\obj\startup_stm32f4xx.o
 .debug_aranges
                0x00000728       0x28 ..\obj\usbh_hid_mouse.o
 .debug_aranges
                0x00000750       0xc8 ..\obj\gui.o
 .debug_aranges
                0x00000818       0x20 ..\obj\main.o
 .debug_aranges
                0x00000838      0x1b8 ..\obj\stm32f4xx_rcc.o
 .debug_aranges
                0x000009f0       0x40 ..\obj\player.o
 .debug_aranges
                0x00000a30       0x48 ..\obj\stm32_ub_systick.o
 .debug_aranges
                0x00000a78       0xa0 ..\obj\printf.o
 .debug_aranges
                0x00000b18       0x68 ..\obj\usbh_hid_core.o
 .debug_aranges
                0x00000b80       0x80 ..\obj\maze_generate.o
 .debug_aranges
                0x00000c00       0x28 ..\obj\stm32_ub_button.o
 .debug_aranges
                0x00000c28       0x18 ..\obj\ub_font_arial_7x10.o
 .debug_aranges
                0x00000c40       0x88 ..\obj\stm32_ub_uart.o
 .debug_aranges
                0x00000cc8       0x38 ..\obj\maze.o
 .debug_aranges
                0x00000d00       0x70 ..\obj\stm32_ub_graphic2d.o
 .debug_aranges
                0x00000d70       0x40 ..\obj\pinky.o
 .debug_aranges
                0x00000db0       0x38 ..\obj\menu.o
 .debug_aranges
                0x00000de8       0xd0 ..\obj\stm32_ub_lcd_ili9341.o
 .debug_aranges
                0x00000eb8       0x60 ..\obj\usbh_core.o
 .debug_aranges
                0x00000f18       0x88 ..\obj\stm32f4xx_gpio.o
 .debug_aranges
                0x00000fa0       0x38 ..\obj\stm32_ub_font.o
 .debug_aranges
                0x00000fd8       0x18 ..\obj\Skin1.o
 .debug_aranges
                0x00000ff0       0x30 ..\obj\system_stm32f4xx.o
 .debug_aranges
                0x00001020       0x28 ..\obj\stm32_ub_spi5.o
 .debug_aranges
                0x00001048       0xe0 ..\obj\usbh_usr.o
 .debug_aranges
                0x00001128       0x50 ..\obj\usb_bsp.o
 .debug_aranges
                0x00001178       0xf0 ..\obj\stm32f4xx_fmc.o
 .debug_aranges
                0x00001268       0x40 ..\obj\clyde.o
 .debug_aranges
                0x000012a8       0x68 ..\obj\usb_hcd.o
 .debug_aranges
                0x00001310       0xe0 ..\obj\stm32f4xx_spi.o
 .debug_aranges
                0x000013f0      0x130 ..\obj\stm32f4xx_i2c.o
 .debug_aranges
                0x00001520       0x70 ..\obj\usbh_ioreq.o
 .debug_aranges
                0x00001590       0x40 ..\obj\misc.o
 .debug_aranges
                0x000015d0       0x68 ..\obj\stm32_ub_touch_stmpe811.o
 .debug_aranges
                0x00001638       0x28 ..\obj\usbh_hid_keybd.o
 .debug_aranges
                0x00001660       0x70 ..\obj\usb_hcd_int.o

.debug_ranges   0x00000000     0x13a0
 .debug_ranges  0x00000000       0x30 ..\obj\blinky.o
 .debug_ranges  0x00000030       0x30 ..\obj\inky.o
 .debug_ranges  0x00000060       0xf0 ..\obj\usb_core.o
 .debug_ranges  0x00000150       0x70 ..\obj\stm32_ub_sdram.o
 .debug_ranges  0x000001c0       0x30 ..\obj\stm32_ub_usb_hid_host.o
 .debug_ranges  0x000001f0       0xa0 ..\obj\stm32f4xx_dma2d.o
 .debug_ranges  0x00000290       0x58 ..\obj\bot.o
 .debug_ranges  0x000002e8       0x38 ..\obj\stm32_ub_i2c3.o
 .debug_ranges  0x00000320       0x38 ..\obj\usbh_hcs.o
 .debug_ranges  0x00000358       0xf0 ..\obj\stm32f4xx_usart.o
 .debug_ranges  0x00000448       0x78 ..\obj\usbh_stdreq.o
 .debug_ranges  0x000004c0       0x30 ..\obj\skin.o
 .debug_ranges  0x000004f0       0x38 ..\obj\pacman.o
 .debug_ranges  0x00000528       0xf8 ..\obj\stm32f4xx_ltdc.o
 .debug_ranges  0x00000620       0x18 ..\obj\startup_stm32f4xx.o
 .debug_ranges  0x00000638       0x18 ..\obj\usbh_hid_mouse.o
 .debug_ranges  0x00000650       0xb8 ..\obj\gui.o
 .debug_ranges  0x00000708       0x10 ..\obj\main.o
 .debug_ranges  0x00000718      0x1a8 ..\obj\stm32f4xx_rcc.o
 .debug_ranges  0x000008c0       0x30 ..\obj\player.o
 .debug_ranges  0x000008f0       0x38 ..\obj\stm32_ub_systick.o
 .debug_ranges  0x00000928       0x90 ..\obj\printf.o
 .debug_ranges  0x000009b8       0x58 ..\obj\usbh_hid_core.o
 .debug_ranges  0x00000a10       0x70 ..\obj\maze_generate.o
 .debug_ranges  0x00000a80       0x18 ..\obj\stm32_ub_button.o
 .debug_ranges  0x00000a98       0x78 ..\obj\stm32_ub_uart.o
 .debug_ranges  0x00000b10       0x28 ..\obj\maze.o
 .debug_ranges  0x00000b38       0x60 ..\obj\stm32_ub_graphic2d.o
 .debug_ranges  0x00000b98       0x30 ..\obj\pinky.o
 .debug_ranges  0x00000bc8       0x28 ..\obj\menu.o
 .debug_ranges  0x00000bf0       0xc0 ..\obj\stm32_ub_lcd_ili9341.o
 .debug_ranges  0x00000cb0       0x50 ..\obj\usbh_core.o
 .debug_ranges  0x00000d00       0x78 ..\obj\stm32f4xx_gpio.o
 .debug_ranges  0x00000d78       0x28 ..\obj\stm32_ub_font.o
 .debug_ranges  0x00000da0       0x20 ..\obj\system_stm32f4xx.o
 .debug_ranges  0x00000dc0       0x18 ..\obj\stm32_ub_spi5.o
 .debug_ranges  0x00000dd8       0xd0 ..\obj\usbh_usr.o
 .debug_ranges  0x00000ea8       0x40 ..\obj\usb_bsp.o
 .debug_ranges  0x00000ee8       0xe0 ..\obj\stm32f4xx_fmc.o
 .debug_ranges  0x00000fc8       0x30 ..\obj\clyde.o
 .debug_ranges  0x00000ff8       0x58 ..\obj\usb_hcd.o
 .debug_ranges  0x00001050       0xd0 ..\obj\stm32f4xx_spi.o
 .debug_ranges  0x00001120      0x120 ..\obj\stm32f4xx_i2c.o
 .debug_ranges  0x00001240       0x60 ..\obj\usbh_ioreq.o
 .debug_ranges  0x000012a0       0x30 ..\obj\misc.o
 .debug_ranges  0x000012d0       0x58 ..\obj\stm32_ub_touch_stmpe811.o
 .debug_ranges  0x00001328       0x18 ..\obj\usbh_hid_keybd.o
 .debug_ranges  0x00001340       0x60 ..\obj\usb_hcd_int.o

.debug_line     0x00000000     0xbfc5
 .debug_line    0x00000000      0x43e ..\obj\blinky.o
 .debug_line    0x0000043e      0x447 ..\obj\inky.o
 .debug_line    0x00000885      0x607 ..\obj\usb_core.o
 .debug_line    0x00000e8c      0x419 ..\obj\stm32_ub_sdram.o
 .debug_line    0x000012a5      0x2ea ..\obj\stm32_ub_usb_hid_host.o
 .debug_line    0x0000158f      0x419 ..\obj\stm32f4xx_dma2d.o
 .debug_line    0x000019a8      0x4b2 ..\obj\bot.o
 .debug_line    0x00001e5a      0x3c1 ..\obj\stm32_ub_i2c3.o
 .debug_line    0x0000221b      0x26b ..\obj\usbh_hcs.o
 .debug_line    0x00002486      0x516 ..\obj\stm32f4xx_usart.o
 .debug_line    0x0000299c      0x3b7 ..\obj\usbh_stdreq.o
 .debug_line    0x00002d53      0x325 ..\obj\skin.o
 .debug_line    0x00003078      0x412 ..\obj\pacman.o
 .debug_line    0x0000348a      0x546 ..\obj\stm32f4xx_ltdc.o
 .debug_line    0x000039d0       0xac ..\obj\startup_stm32f4xx.o
 .debug_line    0x00003a7c      0x1de ..\obj\usbh_hid_mouse.o
 .debug_line    0x00003c5a      0x81a ..\obj\gui.o
 .debug_line    0x00004474      0x2a9 ..\obj\main.o
 .debug_line    0x0000471d      0x698 ..\obj\stm32f4xx_rcc.o
 .debug_line    0x00004db5      0x486 ..\obj\player.o
 .debug_line    0x0000523b      0x312 ..\obj\stm32_ub_systick.o
 .debug_line    0x0000554d      0x381 ..\obj\printf.o
 .debug_line    0x000058ce      0x3b0 ..\obj\usbh_hid_core.o
 .debug_line    0x00005c7e      0x61a ..\obj\maze_generate.o
 .debug_line    0x00006298      0x289 ..\obj\stm32_ub_button.o
 .debug_line    0x00006521      0x1d3 ..\obj\ub_font_arial_7x10.o
 .debug_line    0x000066f4      0x45b ..\obj\stm32_ub_uart.o
 .debug_line    0x00006b4f      0x262 ..\obj\maze.o
 .debug_line    0x00006db1      0x5b6 ..\obj\stm32_ub_graphic2d.o
 .debug_line    0x00007367      0x448 ..\obj\pinky.o
 .debug_line    0x000077af      0x36d ..\obj\menu.o
 .debug_line    0x00007b1c      0x570 ..\obj\stm32_ub_lcd_ili9341.o
 .debug_line    0x0000808c      0x3f7 ..\obj\usbh_core.o
 .debug_line    0x00008483      0x3bc ..\obj\stm32f4xx_gpio.o
 .debug_line    0x0000883f      0x2f0 ..\obj\stm32_ub_font.o
 .debug_line    0x00008b2f      0x1e7 ..\obj\Skin1.o
 .debug_line    0x00008d16      0x22e ..\obj\system_stm32f4xx.o
 .debug_line    0x00008f44      0x2da ..\obj\stm32_ub_spi5.o
 .debug_line    0x0000921e      0x444 ..\obj\usbh_usr.o
 .debug_line    0x00009662      0x2f2 ..\obj\usb_bsp.o
 .debug_line    0x00009954      0x60b ..\obj\stm32f4xx_fmc.o
 .debug_line    0x00009f5f      0x448 ..\obj\clyde.o
 .debug_line    0x0000a3a7      0x292 ..\obj\usb_hcd.o
 .debug_line    0x0000a639      0x4bc ..\obj\stm32f4xx_spi.o
 .debug_line    0x0000aaf5      0x562 ..\obj\stm32f4xx_i2c.o
 .debug_line    0x0000b057      0x2eb ..\obj\usbh_ioreq.o
 .debug_line    0x0000b342      0x28a ..\obj\misc.o
 .debug_line    0x0000b5cc      0x370 ..\obj\stm32_ub_touch_stmpe811.o
 .debug_line    0x0000b93c      0x25a ..\obj\usbh_hid_keybd.o
 .debug_line    0x0000bb96      0x42f ..\obj\usb_hcd_int.o

.debug_str      0x00000000     0x8698
 .debug_str     0x00000000      0x777 ..\obj\blinky.o
                                0x824 (size before relaxing)
 .debug_str     0x00000777       0x47 ..\obj\inky.o
                                0x818 (size before relaxing)
 .debug_str     0x000007be      0xeb9 ..\obj\usb_core.o
                               0x126b (size before relaxing)
 .debug_str     0x00001677      0x579 ..\obj\stm32_ub_sdram.o
                                0x6f2 (size before relaxing)
 .debug_str     0x00001bf0      0x9a0 ..\obj\stm32_ub_usb_hid_host.o
                               0x13a4 (size before relaxing)
 .debug_str     0x00002590      0x5c5 ..\obj\stm32f4xx_dma2d.o
                                0x741 (size before relaxing)
 .debug_str     0x00002b55      0x146 ..\obj\bot.o
                                0x887 (size before relaxing)
 .debug_str     0x00002c9b      0x1dc ..\obj\stm32_ub_i2c3.o
                                0x517 (size before relaxing)
 .debug_str     0x00002e77       0xe8 ..\obj\usbh_hcs.o
                                0x81b (size before relaxing)
 .debug_str     0x00002f5f      0x49b ..\obj\stm32f4xx_usart.o
                                0x69a (size before relaxing)
 .debug_str     0x000033fa      0x25c ..\obj\usbh_stdreq.o
                               0x12bd (size before relaxing)
 .debug_str     0x00003656       0x90 ..\obj\skin.o
                                0x311 (size before relaxing)
 .debug_str     0x000036e6       0xe0 ..\obj\pacman.o
                                0x882 (size before relaxing)
 .debug_str     0x000037c6      0x821 ..\obj\stm32f4xx_ltdc.o
                                0xa33 (size before relaxing)
 .debug_str     0x00003fe7       0xbb ..\obj\startup_stm32f4xx.o
                                0x152 (size before relaxing)
 .debug_str     0x000040a2       0xb0 ..\obj\usbh_hid_mouse.o
                                0x223 (size before relaxing)
 .debug_str     0x00004152      0x21c ..\obj\gui.o
                                0x9a9 (size before relaxing)
 .debug_str     0x0000436e       0x3f ..\obj\main.o
                                0x773 (size before relaxing)
 .debug_str     0x000043ad      0x721 ..\obj\stm32f4xx_rcc.o
                                0x9a8 (size before relaxing)
 .debug_str     0x00004ace       0x9f ..\obj\player.o
                                0x81d (size before relaxing)
 .debug_str     0x00004b6d      0x6d6 ..\obj\stm32_ub_systick.o
                                0xbbd (size before relaxing)
 .debug_str     0x00005243      0x4bf ..\obj\printf.o
                                0x68f (size before relaxing)
 .debug_str     0x00005702      0x380 ..\obj\usbh_hid_core.o
                               0x141a (size before relaxing)
 .debug_str     0x00005a82      0x1bd ..\obj\maze_generate.o
                                0x447 (size before relaxing)
 .debug_str     0x00005c3f       0xf5 ..\obj\stm32_ub_button.o
                                0x43f (size before relaxing)
 .debug_str     0x00005d34       0x65 ..\obj\ub_font_arial_7x10.o
                                0x1d1 (size before relaxing)
 .debug_str     0x00005d99      0x23b ..\obj\stm32_ub_uart.o
                                0xbff (size before relaxing)
 .debug_str     0x00005fd4       0x80 ..\obj\maze.o
                                0x306 (size before relaxing)
 .debug_str     0x00006054      0x220 ..\obj\stm32_ub_graphic2d.o
                                0x50d (size before relaxing)
 .debug_str     0x00006274       0x97 ..\obj\pinky.o
                                0x81e (size before relaxing)
 .debug_str     0x0000630b       0xad ..\obj\menu.o
                                0x810 (size before relaxing)
 .debug_str     0x000063b8      0x2b9 ..\obj\stm32_ub_lcd_ili9341.o
                                0x9ae (size before relaxing)
 .debug_str     0x00006671      0x161 ..\obj\usbh_core.o
                               0x1205 (size before relaxing)
 .debug_str     0x000067d2      0x17d ..\obj\stm32f4xx_gpio.o
                                0x4ae (size before relaxing)
 .debug_str     0x0000694f       0xc3 ..\obj\stm32_ub_font.o
                                0x2c8 (size before relaxing)
 .debug_str     0x00006a12       0x55 ..\obj\Skin1.o
                                0x240 (size before relaxing)
 .debug_str     0x00006a67       0xd6 ..\obj\system_stm32f4xx.o
                                0x3cf (size before relaxing)
 .debug_str     0x00006b3d      0x161 ..\obj\stm32_ub_spi5.o
                                0x58b (size before relaxing)
 .debug_str     0x00006c9e      0x315 ..\obj\usbh_usr.o
                                0xa25 (size before relaxing)
 .debug_str     0x00006fb3       0xfb ..\obj\usb_bsp.o
                                0xfc7 (size before relaxing)
 .debug_str     0x000070ae      0x6e8 ..\obj\stm32f4xx_fmc.o
                                0xa76 (size before relaxing)
 .debug_str     0x00007796       0x97 ..\obj\clyde.o
                                0x81e (size before relaxing)
 .debug_str     0x0000782d      0x102 ..\obj\usb_hcd.o
                                0x8b8 (size before relaxing)
 .debug_str     0x0000792f      0x308 ..\obj\stm32f4xx_spi.o
                                0x6a8 (size before relaxing)
 .debug_str     0x00007c37      0x389 ..\obj\stm32f4xx_i2c.o
                                0x6bd (size before relaxing)
 .debug_str     0x00007fc0      0x136 ..\obj\usbh_ioreq.o
                               0x118a (size before relaxing)
 .debug_str     0x000080f6      0x117 ..\obj\misc.o
                                0x3d9 (size before relaxing)
 .debug_str     0x0000820d      0x12d ..\obj\stm32_ub_touch_stmpe811.o
                                0x33e (size before relaxing)
 .debug_str     0x0000833a       0xbf ..\obj\usbh_hid_keybd.o
                                0x25f (size before relaxing)
 .debug_str     0x000083f9      0x29f ..\obj\usb_hcd_int.o
                                0xebf (size before relaxing)

.comment        0x00000000       0x6e
 .comment       0x00000000       0x6e ..\obj\blinky.o
                                 0x6f (size before relaxing)
 .comment       0x0000006e       0x6f ..\obj\inky.o
 .comment       0x0000006e       0x6f ..\obj\usb_core.o
 .comment       0x0000006e       0x6f ..\obj\stm32_ub_sdram.o
 .comment       0x0000006e       0x6f ..\obj\stm32_ub_usb_hid_host.o
 .comment       0x0000006e       0x6f ..\obj\stm32f4xx_dma2d.o
 .comment       0x0000006e       0x6f ..\obj\bot.o
 .comment       0x0000006e       0x6f ..\obj\stm32_ub_i2c3.o
 .comment       0x0000006e       0x6f ..\obj\usbh_hcs.o
 .comment       0x0000006e       0x6f ..\obj\stm32f4xx_usart.o
 .comment       0x0000006e       0x6f ..\obj\usbh_stdreq.o
 .comment       0x0000006e       0x6f ..\obj\skin.o
 .comment       0x0000006e       0x6f ..\obj\pacman.o
 .comment       0x0000006e       0x6f ..\obj\stm32f4xx_ltdc.o
 .comment       0x0000006e       0x6f ..\obj\startup_stm32f4xx.o
 .comment       0x0000006e       0x6f ..\obj\usbh_hid_mouse.o
 .comment       0x0000006e       0x6f ..\obj\gui.o
 .comment       0x0000006e       0x6f ..\obj\main.o
 .comment       0x0000006e       0x6f ..\obj\stm32f4xx_rcc.o
 .comment       0x0000006e       0x6f ..\obj\player.o
 .comment       0x0000006e       0x6f ..\obj\stm32_ub_systick.o
 .comment       0x0000006e       0x6f ..\obj\printf.o
 .comment       0x0000006e       0x6f ..\obj\usbh_hid_core.o
 .comment       0x0000006e       0x6f ..\obj\maze_generate.o
 .comment       0x0000006e       0x6f ..\obj\stm32_ub_button.o
 .comment       0x0000006e       0x6f ..\obj\ub_font_arial_7x10.o
 .comment       0x0000006e       0x6f ..\obj\stm32_ub_uart.o
 .comment       0x0000006e       0x6f ..\obj\maze.o
 .comment       0x0000006e       0x6f ..\obj\stm32_ub_graphic2d.o
 .comment       0x0000006e       0x6f ..\obj\pinky.o
 .comment       0x0000006e       0x6f ..\obj\menu.o
 .comment       0x0000006e       0x6f ..\obj\stm32_ub_lcd_ili9341.o
 .comment       0x0000006e       0x6f ..\obj\usbh_core.o
 .comment       0x0000006e       0x6f ..\obj\stm32f4xx_gpio.o
 .comment       0x0000006e       0x6f ..\obj\stm32_ub_font.o
 .comment       0x0000006e       0x6f ..\obj\Skin1.o
 .comment       0x0000006e       0x6f ..\obj\system_stm32f4xx.o
 .comment       0x0000006e       0x6f ..\obj\stm32_ub_spi5.o
 .comment       0x0000006e       0x6f ..\obj\usbh_usr.o
 .comment       0x0000006e       0x6f ..\obj\usb_bsp.o
 .comment       0x0000006e       0x6f ..\obj\stm32f4xx_fmc.o
 .comment       0x0000006e       0x6f ..\obj\clyde.o
 .comment       0x0000006e       0x6f ..\obj\usb_hcd.o
 .comment       0x0000006e       0x6f ..\obj\stm32f4xx_spi.o
 .comment       0x0000006e       0x6f ..\obj\stm32f4xx_i2c.o
 .comment       0x0000006e       0x6f ..\obj\usbh_ioreq.o
 .comment       0x0000006e       0x6f ..\obj\misc.o
 .comment       0x0000006e       0x6f ..\obj\stm32_ub_touch_stmpe811.o
 .comment       0x0000006e       0x6f ..\obj\usbh_hid_keybd.o
 .comment       0x0000006e       0x6f ..\obj\usb_hcd_int.o

.ARM.attributes
                0x00000000       0x33
 .ARM.attributes
                0x00000000       0x33 ..\obj\blinky.o
 .ARM.attributes
                0x00000033       0x33 ..\obj\inky.o
 .ARM.attributes
                0x00000066       0x33 ..\obj\usb_core.o
 .ARM.attributes
                0x00000099       0x33 ..\obj\stm32_ub_sdram.o
 .ARM.attributes
                0x000000cc       0x33 ..\obj\stm32_ub_usb_hid_host.o
 .ARM.attributes
                0x000000ff       0x33 ..\obj\stm32f4xx_dma2d.o
 .ARM.attributes
                0x00000132       0x33 ..\obj\bot.o
 .ARM.attributes
                0x00000165       0x33 ..\obj\stm32_ub_i2c3.o
 .ARM.attributes
                0x00000198       0x33 ..\obj\usbh_hcs.o
 .ARM.attributes
                0x000001cb       0x33 ..\obj\stm32f4xx_usart.o
 .ARM.attributes
                0x000001fe       0x33 ..\obj\usbh_stdreq.o
 .ARM.attributes
                0x00000231       0x33 ..\obj\skin.o
 .ARM.attributes
                0x00000264       0x33 ..\obj\pacman.o
 .ARM.attributes
                0x00000297       0x33 ..\obj\stm32f4xx_ltdc.o
 .ARM.attributes
                0x000002ca       0x33 ..\obj\startup_stm32f4xx.o
 .ARM.attributes
                0x000002fd       0x33 ..\obj\usbh_hid_mouse.o
 .ARM.attributes
                0x00000330       0x33 ..\obj\gui.o
 .ARM.attributes
                0x00000363       0x33 ..\obj\main.o
 .ARM.attributes
                0x00000396       0x33 ..\obj\stm32f4xx_rcc.o
 .ARM.attributes
                0x000003c9       0x33 ..\obj\player.o
 .ARM.attributes
                0x000003fc       0x33 ..\obj\stm32_ub_systick.o
 .ARM.attributes
                0x0000042f       0x33 ..\obj\printf.o
 .ARM.attributes
                0x00000462       0x33 ..\obj\usbh_hid_core.o
 .ARM.attributes
                0x00000495       0x33 ..\obj\maze_generate.o
 .ARM.attributes
                0x000004c8       0x33 ..\obj\stm32_ub_button.o
 .ARM.attributes
                0x000004fb       0x33 ..\obj\ub_font_arial_7x10.o
 .ARM.attributes
                0x0000052e       0x33 ..\obj\stm32_ub_uart.o
 .ARM.attributes
                0x00000561       0x33 ..\obj\maze.o
 .ARM.attributes
                0x00000594       0x33 ..\obj\stm32_ub_graphic2d.o
 .ARM.attributes
                0x000005c7       0x33 ..\obj\pinky.o
 .ARM.attributes
                0x000005fa       0x33 ..\obj\menu.o
 .ARM.attributes
                0x0000062d       0x33 ..\obj\stm32_ub_lcd_ili9341.o
 .ARM.attributes
                0x00000660       0x33 ..\obj\usbh_core.o
 .ARM.attributes
                0x00000693       0x33 ..\obj\stm32f4xx_gpio.o
 .ARM.attributes
                0x000006c6       0x33 ..\obj\stm32_ub_font.o
 .ARM.attributes
                0x000006f9       0x33 ..\obj\Skin1.o
 .ARM.attributes
                0x0000072c       0x33 ..\obj\system_stm32f4xx.o
 .ARM.attributes
                0x0000075f       0x33 ..\obj\stm32_ub_spi5.o
 .ARM.attributes
                0x00000792       0x33 ..\obj\usbh_usr.o
 .ARM.attributes
                0x000007c5       0x33 ..\obj\usb_bsp.o
 .ARM.attributes
                0x000007f8       0x33 ..\obj\stm32f4xx_fmc.o
 .ARM.attributes
                0x0000082b       0x33 ..\obj\clyde.o
 .ARM.attributes
                0x0000085e       0x33 ..\obj\usb_hcd.o
 .ARM.attributes
                0x00000891       0x33 ..\obj\stm32f4xx_spi.o
 .ARM.attributes
                0x000008c4       0x33 ..\obj\stm32f4xx_i2c.o
 .ARM.attributes
                0x000008f7       0x33 ..\obj\usbh_ioreq.o
 .ARM.attributes
                0x0000092a       0x33 ..\obj\misc.o
 .ARM.attributes
                0x0000095d       0x33 ..\obj\stm32_ub_touch_stmpe811.o
 .ARM.attributes
                0x00000990       0x33 ..\obj\usbh_hid_keybd.o
 .ARM.attributes
                0x000009c3       0x33 ..\obj\usb_hcd_int.o
 .ARM.attributes
                0x000009f6       0x2e c:/program files (x86)/gnu tools arm embedded/5.4 2016q3/bin/../lib/gcc/arm-none-eabi/5.4.1/../../../../arm-none-eabi/lib/armv7e-m\libg.a(lib_a-rand.o)

.debug_frame    0x00000000     0x59d8
 .debug_frame   0x00000000       0xcc ..\obj\blinky.o
 .debug_frame   0x000000cc       0xcc ..\obj\inky.o
 .debug_frame   0x00000198      0x468 ..\obj\usb_core.o
 .debug_frame   0x00000600      0x200 ..\obj\stm32_ub_sdram.o
 .debug_frame   0x00000800       0xc8 ..\obj\stm32_ub_usb_hid_host.o
 .debug_frame   0x000008c8      0x2ec ..\obj\stm32f4xx_dma2d.o
 .debug_frame   0x00000bb4      0x184 ..\obj\bot.o
 .debug_frame   0x00000d38       0xec ..\obj\stm32_ub_i2c3.o
 .debug_frame   0x00000e24       0xf4 ..\obj\usbh_hcs.o
 .debug_frame   0x00000f18      0x490 ..\obj\stm32f4xx_usart.o
 .debug_frame   0x000013a8      0x220 ..\obj\usbh_stdreq.o
 .debug_frame   0x000015c8       0xcc ..\obj\skin.o
 .debug_frame   0x00001694       0xec ..\obj\pacman.o
 .debug_frame   0x00001780      0x4b4 ..\obj\stm32f4xx_ltdc.o
 .debug_frame   0x00001c34       0x4c ..\obj\startup_stm32f4xx.o
 .debug_frame   0x00001c80       0x50 ..\obj\usbh_hid_mouse.o
 .debug_frame   0x00001cd0      0x318 ..\obj\gui.o
 .debug_frame   0x00001fe8       0x2c ..\obj\main.o
 .debug_frame   0x00002014      0x814 ..\obj\stm32f4xx_rcc.o
 .debug_frame   0x00002828       0xcc ..\obj\player.o
 .debug_frame   0x000028f4       0xe8 ..\obj\stm32_ub_systick.o
 .debug_frame   0x000029dc      0x2dc ..\obj\printf.o
 .debug_frame   0x00002cb8      0x180 ..\obj\usbh_hid_core.o
 .debug_frame   0x00002e38      0x230 ..\obj\maze_generate.o
 .debug_frame   0x00003068       0x58 ..\obj\stm32_ub_button.o
 .debug_frame   0x000030c0      0x218 ..\obj\stm32_ub_uart.o
 .debug_frame   0x000032d8       0x98 ..\obj\maze.o
 .debug_frame   0x00003370      0x1bc ..\obj\stm32_ub_graphic2d.o
 .debug_frame   0x0000352c       0xcc ..\obj\pinky.o
 .debug_frame   0x000035f8       0xb0 ..\obj\menu.o
 .debug_frame   0x000036a8      0x348 ..\obj\stm32_ub_lcd_ili9341.o
 .debug_frame   0x000039f0      0x16c ..\obj\usbh_core.o
 .debug_frame   0x00003b5c      0x23c ..\obj\stm32f4xx_gpio.o
 .debug_frame   0x00003d98       0xa8 ..\obj\stm32_ub_font.o
 .debug_frame   0x00003e40       0x7c ..\obj\system_stm32f4xx.o
 .debug_frame   0x00003ebc       0x58 ..\obj\stm32_ub_spi5.o
 .debug_frame   0x00003f14      0x394 ..\obj\usbh_usr.o
 .debug_frame   0x000042a8      0x108 ..\obj\usb_bsp.o
 .debug_frame   0x000043b0      0x440 ..\obj\stm32f4xx_fmc.o
 .debug_frame   0x000047f0       0xcc ..\obj\clyde.o